<?xml version="1.0" encoding="utf-8"?><testsuites name="pytest tests"><testsuite name="pytest" errors="0" failures="0" skipped="10" tests="1405" time="47.844" timestamp="2025-12-26T15:36:10.736805+00:00" hostname="runnervmh13bl"><properties><property name="hypothesis-statistics-tests/test_analytics/test_fractal_features.py::test_fractal_features_property_finite" value="dGVzdHMvdGVzdF9hbmFseXRpY3MvdGVzdF9mcmFjdGFsX2ZlYXR1cmVzLnB5Ojp0ZXN0X2ZyYWN0YWxfZmVhdHVyZXNfcHJvcGVydHlfZmluaXRlOgoKICAtIGR1cmluZyBnZW5lcmF0ZSBwaGFzZSAoMC4xNyBzZWNvbmRzKToKICAgIC0gVHlwaWNhbCBydW50aW1lczogfiAxLTE2MyBtcywgb2Ygd2hpY2ggPCAxbXMgaW4gZGF0YSBnZW5lcmF0aW9uCiAgICAtIDUgcGFzc2luZyBleGFtcGxlcywgMCBmYWlsaW5nIGV4YW1wbGVzLCAwIGludmFsaWQgZXhhbXBsZXMKCiAgLSBTdG9wcGVkIGJlY2F1c2Ugc2V0dGluZ3MubWF4X2V4YW1wbGVzPTU=" /><property name="hypothesis-statistics-tests/test_biophysics_core.py::TestNernstPotential::test_nernst_equation_properties" value="dGVzdHMvdGVzdF9iaW9waHlzaWNzX2NvcmUucHk6OlRlc3ROZXJuc3RQb3RlbnRpYWw6OnRlc3RfbmVybnN0X2VxdWF0aW9uX3Byb3BlcnRpZXM6CgogIC0gZHVyaW5nIGdlbmVyYXRlIHBoYXNlICgwLjQzIHNlY29uZHMpOgogICAgLSBUeXBpY2FsIHJ1bnRpbWVzOiB+IDAtMSBtcywgb2Ygd2hpY2ggPCAxbXMgaW4gZGF0YSBnZW5lcmF0aW9uCiAgICAtIDUwIHBhc3NpbmcgZXhhbXBsZXMsIDAgZmFpbGluZyBleGFtcGxlcywgMCBpbnZhbGlkIGV4YW1wbGVzCgogIC0gU3RvcHBlZCBiZWNhdXNlIHNldHRpbmdzLm1heF9leGFtcGxlcz01MA==" /><property name="hypothesis-statistics-tests/test_biophysics_core.py::TestNernstPotential::test_nernst_rtfz_consistency" value="dGVzdHMvdGVzdF9iaW9waHlzaWNzX2NvcmUucHk6OlRlc3ROZXJuc3RQb3RlbnRpYWw6OnRlc3RfbmVybnN0X3J0ZnpfY29uc2lzdGVuY3k6CgogIC0gZHVyaW5nIGdlbmVyYXRlIHBoYXNlICgwLjAyIHNlY29uZHMpOgogICAgLSBUeXBpY2FsIHJ1bnRpbWVzOiA8IDFtcywgb2Ygd2hpY2ggPCAxbXMgaW4gZGF0YSBnZW5lcmF0aW9uCiAgICAtIDIwIHBhc3NpbmcgZXhhbXBsZXMsIDAgZmFpbGluZyBleGFtcGxlcywgMCBpbnZhbGlkIGV4YW1wbGVzCgogIC0gU3RvcHBlZCBiZWNhdXNlIHNldHRpbmdzLm1heF9leGFtcGxlcz0yMA==" /><property name="hypothesis-statistics-tests/test_math_model_validation.py::TestNernstMathematicalProperties::test_no_nan_inf_property" value="dGVzdHMvdGVzdF9tYXRoX21vZGVsX3ZhbGlkYXRpb24ucHk6OlRlc3ROZXJuc3RNYXRoZW1hdGljYWxQcm9wZXJ0aWVzOjp0ZXN0X25vX25hbl9pbmZfcHJvcGVydHk6CgogIC0gZHVyaW5nIGdlbmVyYXRlIHBoYXNlICgwLjEwIHNlY29uZHMpOgogICAgLSBUeXBpY2FsIHJ1bnRpbWVzOiB+IDAtMSBtcywgb2Ygd2hpY2ggPCAxbXMgaW4gZGF0YSBnZW5lcmF0aW9uCiAgICAtIDUwIHBhc3NpbmcgZXhhbXBsZXMsIDAgZmFpbGluZyBleGFtcGxlcywgMCBpbnZhbGlkIGV4YW1wbGVzCgogIC0gU3RvcHBlZCBiZWNhdXNlIHNldHRpbmdzLm1heF9leGFtcGxlcz01MA==" /><property name="hypothesis-statistics-tests/test_math_model_validation.py::TestReactionDiffusionMathematicalProperties::test_simulation_stability_property" value="dGVzdHMvdGVzdF9tYXRoX21vZGVsX3ZhbGlkYXRpb24ucHk6OlRlc3RSZWFjdGlvbkRpZmZ1c2lvbk1hdGhlbWF0aWNhbFByb3BlcnRpZXM6OnRlc3Rfc2ltdWxhdGlvbl9zdGFiaWxpdHlfcHJvcGVydHk6CgogIC0gZHVyaW5nIGdlbmVyYXRlIHBoYXNlICgwLjE4IHNlY29uZHMpOgogICAgLSBUeXBpY2FsIHJ1bnRpbWVzOiB+IDItMjUgbXMsIG9mIHdoaWNoIH4gMC0xIG1zIGluIGRhdGEgZ2VuZXJhdGlvbgogICAgLSAyMCBwYXNzaW5nIGV4YW1wbGVzLCAwIGZhaWxpbmcgZXhhbXBsZXMsIDAgaW52YWxpZCBleGFtcGxlcwoKICAtIFN0b3BwZWQgYmVjYXVzZSBzZXR0aW5ncy5tYXhfZXhhbXBsZXM9MjA=" /><property name="hypothesis-statistics-tests/test_math_model_validation.py::TestFractalMathematicalProperties::test_ifs_always_finite_property" value="dGVzdHMvdGVzdF9tYXRoX21vZGVsX3ZhbGlkYXRpb24ucHk6OlRlc3RGcmFjdGFsTWF0aGVtYXRpY2FsUHJvcGVydGllczo6dGVzdF9pZnNfYWx3YXlzX2Zpbml0ZV9wcm9wZXJ0eToKCiAgLSBkdXJpbmcgZ2VuZXJhdGUgcGhhc2UgKDAuMzggc2Vjb25kcyk6CiAgICAtIFR5cGljYWwgcnVudGltZXM6IH4gNC0zOCBtcywgb2Ygd2hpY2ggPCAxbXMgaW4gZGF0YSBnZW5lcmF0aW9uCiAgICAtIDIwIHBhc3NpbmcgZXhhbXBsZXMsIDAgZmFpbGluZyBleGFtcGxlcywgMCBpbnZhbGlkIGV4YW1wbGVzCgogIC0gU3RvcHBlZCBiZWNhdXNlIHNldHRpbmdzLm1heF9leGFtcGxlcz0yMA==" /><property name="hypothesis-statistics-tests/test_signal_denoise_1d.py::test_denoiser_property_same_shape_and_finite[mode_kwargs0]" value="dGVzdHMvdGVzdF9zaWduYWxfZGVub2lzZV8xZC5weTo6dGVzdF9kZW5vaXNlcl9wcm9wZXJ0eV9zYW1lX3NoYXBlX2FuZF9maW5pdGVbbW9kZV9rd2FyZ3MwXToKCiAgLSBkdXJpbmcgZ2VuZXJhdGUgcGhhc2UgKDAuMDYgc2Vjb25kcyk6CiAgICAtIFR5cGljYWwgcnVudGltZXM6IH4gMi00IG1zLCBvZiB3aGljaCA8IDFtcyBpbiBkYXRhIGdlbmVyYXRpb24KICAgIC0gMTUgcGFzc2luZyBleGFtcGxlcywgMCBmYWlsaW5nIGV4YW1wbGVzLCAwIGludmFsaWQgZXhhbXBsZXMKCiAgLSBTdG9wcGVkIGJlY2F1c2Ugc2V0dGluZ3MubWF4X2V4YW1wbGVzPTE1" /><property name="hypothesis-statistics-tests/test_signal_denoise_1d.py::test_denoiser_property_same_shape_and_finite[mode_kwargs1]" value="dGVzdHMvdGVzdF9zaWduYWxfZGVub2lzZV8xZC5weTo6dGVzdF9kZW5vaXNlcl9wcm9wZXJ0eV9zYW1lX3NoYXBlX2FuZF9maW5pdGVbbW9kZV9rd2FyZ3MxXToKCiAgLSBkdXJpbmcgZ2VuZXJhdGUgcGhhc2UgKDAuMDYgc2Vjb25kcyk6CiAgICAtIFR5cGljYWwgcnVudGltZXM6IH4gMi00IG1zLCBvZiB3aGljaCA8IDFtcyBpbiBkYXRhIGdlbmVyYXRpb24KICAgIC0gMTUgcGFzc2luZyBleGFtcGxlcywgMCBmYWlsaW5nIGV4YW1wbGVzLCAwIGludmFsaWQgZXhhbXBsZXMKCiAgLSBTdG9wcGVkIGJlY2F1c2Ugc2V0dGluZ3MubWF4X2V4YW1wbGVzPTE1" /></properties><testcase classname="tests.analytics.test_insight_architect" name="test_generate_insight_template_and_metrics" time="0.002" /><testcase classname="tests.analytics.test_insight_architect" name="test_generate_requests_clarifications_when_missing_levels" time="0.001" /><testcase classname="tests.core.test_federated" name="test_krum_uses_squared_distances_for_scoring" time="0.003" /><testcase classname="tests.core.test_federated" name="test_aggregate_rejects_inconsistent_gradient_shapes" time="0.002" /><testcase classname="tests.core.test_fractal_growth_engine.TestFractalConfig" name="test_default_config_valid" time="0.001" /><testcase classname="tests.core.test_fractal_growth_engine.TestFractalConfig" name="test_scale_max_ge_1_raises" time="0.001" /><testcase classname="tests.core.test_fractal_growth_engine.TestFractalConfig" name="test_negative_scale_raises" time="0.001" /><testcase classname="tests.core.test_fractal_growth_engine.TestFractalConfig" name="test_scale_order_violation_raises" time="0.001" /><testcase classname="tests.core.test_fractal_growth_engine.TestFractalConfig" name="test_low_num_points_raises" time="0.001" /><testcase classname="tests.core.test_fractal_growth_engine.TestFractalConfig" name="test_low_num_scales_raises" time="0.001" /><testcase classname="tests.core.test_fractal_growth_engine.TestIFSGeneration" name="test_basic_generation" time="0.002" /><testcase classname="tests.core.test_fractal_growth_engine.TestIFSGeneration" name="test_lyapunov_negative" time="0.008" /><testcase classname="tests.core.test_fractal_growth_engine.TestIFSGeneration" name="test_lyapunov_range" time="0.040" /><testcase classname="tests.core.test_fractal_growth_engine.TestIFSGeneration" name="test_points_bounded" time="0.008" /><testcase classname="tests.core.test_fractal_growth_engine.TestIFSGeneration" name="test_contraction_validation" time="0.002" /><testcase classname="tests.core.test_fractal_growth_engine.TestBoxCounting" name="test_basic_dimension" time="0.002" /><testcase classname="tests.core.test_fractal_growth_engine.TestBoxCounting" name="test_full_field_dimension" time="0.001" /><testcase classname="tests.core.test_fractal_growth_engine.TestBoxCounting" name="test_empty_field_dimension" time="0.001" /><testcase classname="tests.core.test_fractal_growth_engine.TestBoxCounting" name="test_invalid_min_box_override_raises" time="0.001" /><testcase classname="tests.core.test_fractal_growth_engine.TestBoxCounting" name="test_invalid_num_scales_override_raises" time="0.002" /><testcase classname="tests.core.test_fractal_growth_engine.TestBoxCounting" name="test_line_dimension" time="0.001" /><testcase classname="tests.core.test_fractal_growth_engine.TestBoxCounting" name="test_dimension_r_squared" time="0.001" /><testcase classname="tests.core.test_fractal_growth_engine.TestBoxCounting" name="test_dimension_r_squared_resets_when_insufficient_data" time="0.001" /><testcase classname="tests.core.test_fractal_growth_engine.TestBoxCounting" name="test_non_square_raises" time="0.001" /><testcase classname="tests.core.test_fractal_growth_engine.TestBoxCounting" name="test_non_2d_raises" time="0.001" /><testcase classname="tests.core.test_fractal_growth_engine.TestLyapunovFromHistory" name="test_stable_system" time="0.001" /><testcase classname="tests.core.test_fractal_growth_engine.TestLyapunovFromHistory" name="test_single_frame_returns_zero" time="0.001" /><testcase classname="tests.core.test_fractal_growth_engine.TestDimensionValidation" name="test_validate_dimension_general" time="0.001" /><testcase classname="tests.core.test_fractal_growth_engine.TestDimensionValidation" name="test_validate_dimension_biological" time="0.001" /><testcase classname="tests.core.test_fractal_growth_engine.TestDeterminism" name="test_same_seed_same_points" time="0.003" /><testcase classname="tests.core.test_fractal_growth_engine.TestDeterminism" name="test_same_seed_same_dimension" time="0.002" /><testcase classname="tests.core.test_fractal_growth_engine.TestStabilitySmoke" name="test_smoke_many_ifs_generations" time="0.048" /><testcase classname="tests.core.test_fractal_growth_engine.TestStabilitySmoke" name="test_smoke_dimension_various_patterns" time="0.002" /><testcase classname="tests.core.test_fractal_growth_engine.TestPerformance" name="test_ifs_performance" time="0.008" /><testcase classname="tests.core.test_fractal_growth_engine.TestPerformance" name="test_dimension_performance" time="0.001" /><testcase classname="tests.core.test_fractal_growth_engine.TestBiophysicalCalibration" name="test_num_points_outside_bounds_raises" time="0.001" /><testcase classname="tests.core.test_fractal_growth_engine.TestBiophysicalCalibration" name="test_num_transforms_outside_bounds_raises" time="0.001" /><testcase classname="tests.core.test_fractal_growth_engine.TestBiophysicalCalibration" name="test_translation_range_above_maximum_raises" time="0.001" /><testcase classname="tests.core.test_fractal_growth_engine.TestBiophysicalCalibration" name="test_num_scales_outside_bounds_raises" time="0.001" /><testcase classname="tests.core.test_fractal_growth_engine.TestBiophysicalCalibration" name="test_parameters_at_boundaries_valid" time="0.001" /><testcase classname="tests.core.test_fractal_growth_engine.TestInvariantsVerification" name="test_lyapunov_negative_invariant" time="0.080" /><testcase classname="tests.core.test_fractal_growth_engine.TestInvariantsVerification" name="test_contraction_requirement_invariant" time="0.002" /><testcase classname="tests.core.test_fractal_growth_engine.TestInvariantsVerification" name="test_dimension_bounds_invariant" time="0.002" /><testcase classname="tests.core.test_fractal_growth_engine.TestInvariantsVerification" name="test_biological_dimension_range" time="0.001" /><testcase classname="tests.core.test_fractal_growth_engine.TestInvariantsVerification" name="test_no_nan_inf_invariant" time="0.048" /><testcase classname="tests.core.test_membrane_engine.TestMembraneConfig" name="test_default_config_valid" time="0.001" /><testcase classname="tests.core.test_membrane_engine.TestMembraneConfig" name="test_negative_temperature_raises" time="0.001" /><testcase classname="tests.core.test_membrane_engine.TestMembraneConfig" name="test_negative_ion_clamp_raises" time="0.001" /><testcase classname="tests.core.test_membrane_engine.TestMembraneConfig" name="test_negative_dt_raises" time="0.001" /><testcase classname="tests.core.test_membrane_engine.TestMembraneConfig" name="test_invalid_potential_range_raises" time="0.001" /><testcase classname="tests.core.test_membrane_engine.TestNernstPotential" name="test_potassium_standard" time="0.001" /><testcase classname="tests.core.test_membrane_engine.TestNernstPotential" name="test_sodium_standard" time="0.001" /><testcase classname="tests.core.test_membrane_engine.TestNernstPotential" name="test_calcium_standard" time="0.001" /><testcase classname="tests.core.test_membrane_engine.TestNernstPotential" name="test_chloride_standard" time="0.001" /><testcase classname="tests.core.test_membrane_engine.TestNernstPotential" name="test_zero_valence_raises" time="0.001" /><testcase classname="tests.core.test_membrane_engine.TestNernstPotential" name="test_ion_clamping_prevents_nan" time="0.001" /><testcase classname="tests.core.test_membrane_engine.TestNernstPotential" name="test_equal_concentrations_zero" time="0.001" /><testcase classname="tests.core.test_membrane_engine.TestNernstPotential" name="test_sign_consistency" time="0.001" /><testcase classname="tests.core.test_membrane_engine.TestNernstPotentialArray" name="test_array_computation" time="0.001" /><testcase classname="tests.core.test_membrane_engine.TestODEIntegration" name="test_euler_stability" time="0.005" /><testcase classname="tests.core.test_membrane_engine.TestODEIntegration" name="test_rk4_stability" time="0.006" /><testcase classname="tests.core.test_membrane_engine.TestODEIntegration" name="test_clamping_during_integration" time="0.005" /><testcase classname="tests.core.test_membrane_engine.TestDeterminism" name="test_same_seed_same_result" time="0.001" /><testcase classname="tests.core.test_membrane_engine.TestStabilitySmoke" name="test_smoke_1000_nernst_calculations" time="0.021" /><testcase classname="tests.core.test_membrane_engine.TestStabilitySmoke" name="test_smoke_ode_integration_1000_steps" time="0.039" /><testcase classname="tests.core.test_membrane_engine.TestValidation" name="test_validate_potential_range_physiological" time="0.001" /><testcase classname="tests.core.test_membrane_engine.TestValidation" name="test_validate_potential_range_physical" time="0.001" /><testcase classname="tests.core.test_membrane_engine.TestBiophysicalCalibration" name="test_temperature_below_hypothermic_raises" time="0.001" /><testcase classname="tests.core.test_membrane_engine.TestBiophysicalCalibration" name="test_temperature_above_hyperthermic_raises" time="0.001" /><testcase classname="tests.core.test_membrane_engine.TestBiophysicalCalibration" name="test_temperature_at_boundary_valid" time="0.001" /><testcase classname="tests.core.test_membrane_engine.TestBiophysicalCalibration" name="test_time_step_too_small_raises" time="0.001" /><testcase classname="tests.core.test_membrane_engine.TestBiophysicalCalibration" name="test_time_step_too_large_raises" time="0.001" /><testcase classname="tests.core.test_membrane_engine.TestBiophysicalCalibration" name="test_time_step_at_boundary_valid" time="0.001" /><testcase classname="tests.core.test_membrane_engine.TestBiophysicalCalibration" name="test_potential_bounds_exceed_physical_raises" time="0.001" /><testcase classname="tests.core.test_membrane_engine.TestBiophysicalCalibration" name="test_invalid_ion_valence_raises" time="0.001" /><testcase classname="tests.core.test_membrane_engine.TestBiophysicalCalibration" name="test_all_valid_valences_work" time="0.001" /><testcase classname="tests.core.test_membrane_engine.TestInvariantsVerification" name="test_nernst_potential_within_bounds" time="0.001" /><testcase classname="tests.core.test_membrane_engine.TestInvariantsVerification" name="test_sign_consistency_invariant" time="0.001" /><testcase classname="tests.core.test_membrane_engine.TestInvariantsVerification" name="test_no_nan_inf_invariant" time="0.021" /><testcase classname="tests.core.test_membrane_engine.TestInvariantsVerification" name="test_reference_potassium_verification" time="0.001" /><testcase classname="tests.core.test_reaction_diffusion_engine.TestReactionDiffusionConfig" name="test_default_config_valid" time="0.001" /><testcase classname="tests.core.test_reaction_diffusion_engine.TestReactionDiffusionConfig" name="test_cfl_violation_raises" time="0.001" /><testcase classname="tests.core.test_reaction_diffusion_engine.TestReactionDiffusionConfig" name="test_cfl_limit_allowed" time="0.001" /><testcase classname="tests.core.test_reaction_diffusion_engine.TestReactionDiffusionConfig" name="test_negative_diffusion_raises" time="0.001" /><testcase classname="tests.core.test_reaction_diffusion_engine.TestReactionDiffusionConfig" name="test_invalid_threshold_raises" time="0.001" /><testcase classname="tests.core.test_reaction_diffusion_engine.TestReactionDiffusionConfig" name="test_invalid_probability_raises" time="0.001" /><testcase classname="tests.core.test_reaction_diffusion_engine.TestReactionDiffusionConfig" name="test_small_grid_raises" time="0.001" /><testcase classname="tests.core.test_reaction_diffusion_engine.TestSimulationInputValidation" name="test_steps_must_be_positive" time="0.002" /><testcase classname="tests.core.test_reaction_diffusion_engine.TestReactionDiffusionSimulation" name="test_basic_simulation" time="0.033" /><testcase classname="tests.core.test_reaction_diffusion_engine.TestReactionDiffusionSimulation" name="test_field_bounds_enforced" time="0.161" /><testcase classname="tests.core.test_reaction_diffusion_engine.TestReactionDiffusionSimulation" name="test_turing_affects_field" time="0.032" /><testcase classname="tests.core.test_reaction_diffusion_engine.TestReactionDiffusionSimulation" name="test_growth_events_recorded" time="0.032" /><testcase classname="tests.core.test_reaction_diffusion_engine.TestReactionDiffusionSimulation" name="test_no_growth_with_zero_probability" time="0.034" /><testcase classname="tests.core.test_reaction_diffusion_engine.TestReactionDiffusionSimulation" name="test_small_grid_deterministic_and_finite" time="0.004" /><testcase classname="tests.core.test_reaction_diffusion_engine.TestBoundaryConditions" name="test_periodic_boundary" time="0.015" /><testcase classname="tests.core.test_reaction_diffusion_engine.TestBoundaryConditions" name="test_neumann_boundary" time="0.008" /><testcase classname="tests.core.test_reaction_diffusion_engine.TestBoundaryConditions" name="test_dirichlet_boundary" time="0.056" /><testcase classname="tests.core.test_reaction_diffusion_engine.TestBoundaryConditions" name="test_dirichlet_laplacian_respects_zero_boundary" time="0.002" /><testcase classname="tests.core.test_reaction_diffusion_engine.TestQuantumJitter" name="test_jitter_affects_field" time="0.034" /><testcase classname="tests.core.test_reaction_diffusion_engine.TestDeterminism" name="test_same_seed_same_result" time="0.063" /><testcase classname="tests.core.test_reaction_diffusion_engine.TestDeterminism" name="test_different_seed_different_result" time="0.064" /><testcase classname="tests.core.test_reaction_diffusion_engine.TestStabilitySmoke" name="test_smoke_1000_steps" time="0.337" /><testcase classname="tests.core.test_reaction_diffusion_engine.TestStabilitySmoke" name="test_smoke_multiple_configurations" time="0.254" /><testcase classname="tests.core.test_reaction_diffusion_engine.TestHistoryCollection" name="test_history_shape" time="0.015" /><testcase classname="tests.core.test_reaction_diffusion_engine.TestHistoryCollection" name="test_history_finite" time="0.015" /><testcase classname="tests.core.test_reaction_diffusion_engine.TestCFLValidation" name="test_validate_cfl_condition_pass" time="0.001" /><testcase classname="tests.core.test_reaction_diffusion_engine.TestCFLValidation" name="test_validate_cfl_condition_edge" time="0.001" /><testcase classname="tests.core.test_reaction_diffusion_engine.TestPerformance" name="test_small_grid_performance" time="0.032" /><testcase classname="tests.core.test_reaction_diffusion_engine.TestPerformance" name="test_medium_grid_performance" time="0.038" /><testcase classname="tests.core.test_reaction_diffusion_engine.TestBiophysicalCalibration" name="test_diffusion_below_minimum_raises" time="0.002" /><testcase classname="tests.core.test_reaction_diffusion_engine.TestBiophysicalCalibration" name="test_reaction_rate_outside_bounds_raises" time="0.002" /><testcase classname="tests.core.test_reaction_diffusion_engine.TestBiophysicalCalibration" name="test_turing_threshold_outside_bounds_raises" time="0.001" /><testcase classname="tests.core.test_reaction_diffusion_engine.TestBiophysicalCalibration" name="test_jitter_variance_above_maximum_raises" time="0.001" /><testcase classname="tests.core.test_reaction_diffusion_engine.TestBiophysicalCalibration" name="test_grid_size_outside_bounds_raises" time="0.001" /><testcase classname="tests.core.test_reaction_diffusion_engine.TestBiophysicalCalibration" name="test_parameters_at_boundaries_valid" time="0.001" /><testcase classname="tests.core.test_reaction_diffusion_engine.TestInvariantsVerification" name="test_field_bounds_invariant" time="0.171" /><testcase classname="tests.core.test_reaction_diffusion_engine.TestInvariantsVerification" name="test_no_nan_inf_invariant" time="0.336" /><testcase classname="tests.core.test_reaction_diffusion_engine.TestInvariantsVerification" name="test_activator_inhibitor_bounds_invariant" time="0.154" /><testcase classname="tests.core.test_reaction_diffusion_engine.TestInvariantsVerification" name="test_cfl_stability_invariant" time="0.001" /><testcase classname="tests.core.test_reaction_diffusion_engine.TestInvariantsVerification" name="test_growth_events_expected_rate" time="0.032" /><testcase classname="tests.core.test_stability.TestIsStable" name="test_is_stable_negative_lyapunov" time="0.001" /><testcase classname="tests.core.test_stability.TestIsStable" name="test_is_stable_positive_lyapunov" time="0.001" /><testcase classname="tests.core.test_stability.TestIsStable" name="test_is_stable_zero_lyapunov" time="0.001" /><testcase classname="tests.core.test_stability.TestIsStable" name="test_is_stable_custom_threshold" time="0.001" /><testcase classname="tests.core.test_stability.TestIsStable" name="test_is_stable_negative_threshold" time="0.001" /><testcase classname="tests.core.test_stability.TestComputeStabilityMetrics" name="test_compute_stability_metrics_returns_all_keys" time="0.003" /><testcase classname="tests.core.test_stability.TestComputeStabilityMetrics" name="test_compute_stability_metrics_stable_dynamics" time="0.003" /><testcase classname="tests.core.test_stability.TestComputeStabilityMetrics" name="test_compute_stability_metrics_change_rates" time="0.001" /><testcase classname="tests.core.test_stability.TestComputeStabilityMetrics" name="test_compute_stability_metrics_with_dt" time="0.001" /><testcase classname="tests.core.test_stability.TestComputeStabilityMetrics" name="test_compute_stability_metrics_short_history" time="0.001" /><testcase classname="tests.core.test_stability.TestComputeStabilityMetrics" name="test_compute_stability_metrics_two_timesteps" time="0.001" /><testcase classname="tests.core.test_stability.TestComputeStabilityMetrics" name="test_compute_stability_metrics_constant_field" time="0.001" /><testcase classname="tests.core.test_stability.TestComputeStabilityMetrics" name="test_compute_stability_metrics_is_stable_flag" time="0.001" /><testcase classname="tests.core.test_stability.TestComputeStabilityMetrics" name="test_compute_stability_metrics_no_nan_inf" time="0.005" /><testcase classname="tests.core.test_stability.TestComputeStabilityMetrics" name="test_compute_stability_metrics_invalid_dt[0.0]" time="0.002" /><testcase classname="tests.core.test_stability.TestComputeStabilityMetrics" name="test_compute_stability_metrics_invalid_dt[-1.0]" time="0.001" /><testcase classname="tests.core.test_stability.TestLyapunovExponentEdgeCases" name="test_lyapunov_empty_history" time="0.001" /><testcase classname="tests.core.test_stability.TestLyapunovExponentEdgeCases" name="test_lyapunov_with_nan_in_history" time="0.001" /><testcase classname="tests.core.test_stability.TestLyapunovExponentEdgeCases" name="test_lyapunov_large_field" time="0.020" /><testcase classname="tests.core.test_stability.TestLyapunovExponentEdgeCases" name="test_lyapunov_small_dt" time="0.001" /><testcase classname="tests.core.test_stability.TestStabilityIntegration" name="test_stable_simulation_metrics" time="0.003" /><testcase classname="tests.core.test_stability.TestStabilityIntegration" name="test_mfn_expected_lyapunov_range" time="0.009" /><testcase classname="tests.core.test_stdp_edge_cases.TestSTDPValidationEdgeCases" name="test_stdp_boundary_tau_minimum" time="0.001" /><testcase classname="tests.core.test_stdp_edge_cases.TestSTDPValidationEdgeCases" name="test_stdp_boundary_tau_maximum" time="0.001" /><testcase classname="tests.core.test_stdp_edge_cases.TestSTDPValidationEdgeCases" name="test_stdp_boundary_amplitude_minimum" time="0.001" /><testcase classname="tests.core.test_stdp_edge_cases.TestSTDPValidationEdgeCases" name="test_stdp_boundary_amplitude_maximum" time="0.001" /><testcase classname="tests.core.test_stdp_edge_cases.TestSTDPValidationEdgeCases" name="test_stdp_tau_just_below_minimum" time="0.001" /><testcase classname="tests.core.test_stdp_edge_cases.TestSTDPValidationEdgeCases" name="test_stdp_tau_just_above_maximum" time="0.001" /><testcase classname="tests.core.test_stdp_edge_cases.TestSTDPValidationEdgeCases" name="test_stdp_amplitude_just_below_minimum" time="0.001" /><testcase classname="tests.core.test_stdp_edge_cases.TestSTDPValidationEdgeCases" name="test_stdp_amplitude_just_above_maximum" time="0.001" /><testcase classname="tests.core.test_stdp_edge_cases.TestSTDPValidationEdgeCases" name="test_stdp_asymmetric_tau_values" time="0.001" /><testcase classname="tests.core.test_stdp_edge_cases.TestSTDPValidationEdgeCases" name="test_stdp_asymmetric_amplitude_values" time="0.001" /><testcase classname="tests.core.test_stdp_edge_cases.TestSTDPWeightUpdateEdgeCases" name="test_stdp_multiple_pre_single_post" time="0.001" /><testcase classname="tests.core.test_stdp_edge_cases.TestSTDPWeightUpdateEdgeCases" name="test_stdp_single_pre_multiple_post" time="0.001" /><testcase classname="tests.core.test_stdp_edge_cases.TestSTDPWeightUpdateEdgeCases" name="test_stdp_large_batch" time="0.002" /><testcase classname="tests.core.test_stdp_edge_cases.TestSTDPWeightUpdateEdgeCases" name="test_stdp_very_small_time_difference" time="0.001" /><testcase classname="tests.core.test_stdp_edge_cases.TestSTDPWeightUpdateEdgeCases" name="test_stdp_very_large_time_difference" time="0.001" /><testcase classname="tests.core.test_stdp_edge_cases.TestSTDPWeightUpdateEdgeCases" name="test_stdp_negative_spike_times" time="0.001" /><testcase classname="tests.core.test_stdp_edge_cases.TestSTDPWeightUpdateEdgeCases" name="test_stdp_all_pre_before_post" time="0.001" /><testcase classname="tests.core.test_stdp_edge_cases.TestSTDPWeightUpdateEdgeCases" name="test_stdp_all_pre_after_post" time="0.001" /><testcase classname="tests.core.test_stdp_edge_cases.TestSTDPWeightUpdateEdgeCases" name="test_stdp_mixed_ltp_ltd" time="0.001" /><testcase classname="tests.core.test_stdp_edge_cases.TestSTDPNumericalStabilityEdgeCases" name="test_stdp_exp_clamp_prevents_overflow" time="0.001" /><testcase classname="tests.core.test_stdp_edge_cases.TestSTDPNumericalStabilityEdgeCases" name="test_stdp_zero_weights_input" time="0.001" /><testcase classname="tests.core.test_stdp_edge_cases.TestSTDPNumericalStabilityEdgeCases" name="test_stdp_preserves_dtype" time="0.001" /><testcase classname="tests.core.test_stdp_edge_cases.TestSTDPNumericalStabilityEdgeCases" name="test_stdp_double_precision" time="0.001" /><testcase classname="tests.core.test_stdp_edge_cases.TestSTDPForwardPassthrough" name="test_stdp_forward_preserves_grad" time="0.001" /><testcase classname="tests.core.test_stdp_edge_cases.TestSTDPForwardPassthrough" name="test_stdp_forward_different_shapes" time="0.001" /><testcase classname="tests.core.test_stdp_edge_cases.TestSTDPForwardPassthrough" name="test_stdp_is_nn_module" time="0.001" /><testcase classname="tests.core.test_stdp_edge_cases.TestSTDPBiophysicalConstraints" name="test_stdp_bi_poo_parameters" time="0.001" /><testcase classname="tests.core.test_stdp_edge_cases.TestSTDPBiophysicalConstraints" name="test_stdp_asymmetry_prevents_runaway_ltp" time="0.001" /><testcase classname="tests.core.test_stdp_edge_cases.TestSTDPBiophysicalConstraints" name="test_stdp_time_constant_physiological" time="0.001" /><testcase classname="tests.crypto.test_key_exchange.TestGenerateECDHKeypair" name="test_generate_keypair_sizes" time="0.003" /><testcase classname="tests.crypto.test_key_exchange.TestGenerateECDHKeypair" name="test_generate_keypair_unique" time="0.016" /><testcase classname="tests.crypto.test_key_exchange.TestGenerateECDHKeypair" name="test_keypair_types" time="0.002" /><testcase classname="tests.crypto.test_key_exchange.TestGenerateECDHKeypair" name="test_keypair_validation" time="0.003" /><testcase classname="tests.crypto.test_key_exchange.TestECDHKeyExchange" name="test_shared_secret_agreement" time="0.007" /><testcase classname="tests.crypto.test_key_exchange.TestECDHKeyExchange" name="test_shared_secret_size" time="0.005" /><testcase classname="tests.crypto.test_key_exchange.TestECDHKeyExchange" name="test_shared_secret_different_pairs" time="0.008" /><testcase classname="tests.crypto.test_key_exchange.TestECDHKeyExchange" name="test_accepts_keypair_object" time="0.005" /><testcase classname="tests.crypto.test_key_exchange.TestECDHKeyExchange" name="test_invalid_public_key_size" time="0.004" /><testcase classname="tests.crypto.test_key_exchange.TestECDHKeyExchange" name="test_existing_keypair" time="0.002" /><testcase classname="tests.crypto.test_key_exchange.TestDeriveSymmetricKey" name="test_derive_key_size" time="0.001" /><testcase classname="tests.crypto.test_key_exchange.TestDeriveSymmetricKey" name="test_derive_key_deterministic" time="0.001" /><testcase classname="tests.crypto.test_key_exchange.TestDeriveSymmetricKey" name="test_derive_key_context_separation" time="0.001" /><testcase classname="tests.crypto.test_key_exchange.TestDeriveSymmetricKey" name="test_derive_key_secret_separation" time="0.001" /><testcase classname="tests.crypto.test_key_exchange.TestECDHDeriveKey" name="test_derive_key_agreement" time="0.007" /><testcase classname="tests.crypto.test_key_exchange.TestECDHDeriveKey" name="test_derive_key_different_contexts" time="0.007" /><testcase classname="tests.crypto.test_key_exchange.TestECDHDeriveKey" name="test_derive_key_custom_length" time="0.007" /><testcase classname="tests.crypto.test_key_exchange.TestSecurityProperties" name="test_private_key_not_in_public" time="0.016" /><testcase classname="tests.crypto.test_key_exchange.TestSecurityProperties" name="test_deterministic_public_key" time="0.007" /><testcase classname="tests.crypto.test_key_exchange.TestSecurityProperties" name="test_non_commutative_with_wrong_keys" time="0.008" /><testcase classname="tests.crypto.test_signatures.TestGenerateSignatureKeypair" name="test_generate_keypair_sizes" time="0.004" /><testcase classname="tests.crypto.test_signatures.TestGenerateSignatureKeypair" name="test_generate_keypair_unique" time="0.028" /><testcase classname="tests.crypto.test_signatures.TestGenerateSignatureKeypair" name="test_keypair_types" time="0.003" /><testcase classname="tests.crypto.test_signatures.TestGenerateSignatureKeypair" name="test_keypair_validation" time="0.001" /><testcase classname="tests.crypto.test_signatures.TestSignMessage" name="test_sign_message_bytes" time="0.008" /><testcase classname="tests.crypto.test_signatures.TestSignMessage" name="test_sign_message_string" time="0.008" /><testcase classname="tests.crypto.test_signatures.TestSignMessage" name="test_sign_message_unicode" time="0.009" /><testcase classname="tests.crypto.test_signatures.TestSignMessage" name="test_sign_empty_message" time="0.008" /><testcase classname="tests.crypto.test_signatures.TestSignMessage" name="test_sign_large_message" time="0.009" /><testcase classname="tests.crypto.test_signatures.TestSignMessage" name="test_sign_deterministic" time="0.014" /><testcase classname="tests.crypto.test_signatures.TestSignMessage" name="test_sign_different_messages" time="0.014" /><testcase classname="tests.crypto.test_signatures.TestSignMessage" name="test_sign_different_keys" time="0.016" /><testcase classname="tests.crypto.test_signatures.TestSignMessage" name="test_sign_invalid_key_size" time="0.001" /><testcase classname="tests.crypto.test_signatures.TestVerifySignature" name="test_verify_valid_signature" time="0.014" /><testcase classname="tests.crypto.test_signatures.TestVerifySignature" name="test_verify_string_message" time="0.015" /><testcase classname="tests.crypto.test_signatures.TestVerifySignature" name="test_verify_unicode_message" time="0.015" /><testcase classname="tests.crypto.test_signatures.TestVerifySignature" name="test_verify_empty_message" time="0.015" /><testcase classname="tests.crypto.test_signatures.TestVerifySignature" name="test_reject_wrong_message" time="0.014" /><testcase classname="tests.crypto.test_signatures.TestVerifySignature" name="test_reject_wrong_public_key" time="0.017" /><testcase classname="tests.crypto.test_signatures.TestVerifySignature" name="test_reject_tampered_signature" time="0.015" /><testcase classname="tests.crypto.test_signatures.TestVerifySignature" name="test_reject_invalid_signature_size" time="0.003" /><testcase classname="tests.crypto.test_signatures.TestVerifySignature" name="test_reject_invalid_public_key_size" time="0.009" /><testcase classname="tests.crypto.test_signatures.TestEdDSASignature" name="test_auto_generate_keypair" time="0.004" /><testcase classname="tests.crypto.test_signatures.TestEdDSASignature" name="test_use_provided_keypair" time="0.003" /><testcase classname="tests.crypto.test_signatures.TestEdDSASignature" name="test_sign_and_verify" time="0.014" /><testcase classname="tests.crypto.test_signatures.TestEdDSASignature" name="test_verify_with_explicit_key" time="0.023" /><testcase classname="tests.crypto.test_signatures.TestEdDSASignature" name="test_cross_instance_verification" time="0.014" /><testcase classname="tests.crypto.test_signatures.TestSecurityProperties" name="test_signature_non_malleability" time="0.030" /><testcase classname="tests.crypto.test_signatures.TestSecurityProperties" name="test_no_signature_reuse" time="0.025" /><testcase classname="tests.crypto.test_signatures.TestSecurityProperties" name="test_public_key_independence" time="0.040" /><testcase classname="tests.crypto.test_signatures.TestSecurityProperties" name="test_signature_components_independent" time="0.015" /><testcase classname="tests.crypto.test_symmetric.TestGenerateAESKey" name="test_generate_key_default_size" time="0.001" /><testcase classname="tests.crypto.test_symmetric.TestGenerateAESKey" name="test_generate_key_various_sizes" time="0.001" /><testcase classname="tests.crypto.test_symmetric.TestGenerateAESKey" name="test_generate_key_unique" time="0.001" /><testcase classname="tests.crypto.test_symmetric.TestGenerateAESKey" name="test_generate_key_invalid_size" time="0.001" /><testcase classname="tests.crypto.test_symmetric.TestGenerateAESKey" name="test_generate_key_bytes" time="0.001" /><testcase classname="tests.crypto.test_symmetric.TestEncryptAESGCM" name="test_encrypt_bytes" time="0.002" /><testcase classname="tests.crypto.test_symmetric.TestEncryptAESGCM" name="test_encrypt_string" time="0.001" /><testcase classname="tests.crypto.test_symmetric.TestEncryptAESGCM" name="test_encrypt_unicode" time="0.001" /><testcase classname="tests.crypto.test_symmetric.TestEncryptAESGCM" name="test_encrypt_empty" time="0.001" /><testcase classname="tests.crypto.test_symmetric.TestEncryptAESGCM" name="test_encrypt_large_data" time="0.001" /><testcase classname="tests.crypto.test_symmetric.TestEncryptAESGCM" name="test_encrypt_different_outputs" time="0.001" /><testcase classname="tests.crypto.test_symmetric.TestEncryptAESGCM" name="test_encrypt_invalid_key_size" time="0.001" /><testcase classname="tests.crypto.test_symmetric.TestDecryptAESGCM" name="test_decrypt_bytes" time="0.001" /><testcase classname="tests.crypto.test_symmetric.TestDecryptAESGCM" name="test_decrypt_string" time="0.001" /><testcase classname="tests.crypto.test_symmetric.TestDecryptAESGCM" name="test_decrypt_unicode" time="0.001" /><testcase classname="tests.crypto.test_symmetric.TestDecryptAESGCM" name="test_decrypt_empty" time="0.001" /><testcase classname="tests.crypto.test_symmetric.TestDecryptAESGCM" name="test_decrypt_wrong_key" time="0.001" /><testcase classname="tests.crypto.test_symmetric.TestDecryptAESGCM" name="test_decrypt_tampered_data" time="0.001" /><testcase classname="tests.crypto.test_symmetric.TestDecryptAESGCM" name="test_decrypt_truncated_data" time="0.001" /><testcase classname="tests.crypto.test_symmetric.TestDecryptAESGCM" name="test_decrypt_invalid_key_size" time="0.001" /><testcase classname="tests.crypto.test_symmetric.TestAssociatedData" name="test_encrypt_with_aad" time="0.001" /><testcase classname="tests.crypto.test_symmetric.TestAssociatedData" name="test_decrypt_wrong_aad_fails" time="0.001" /><testcase classname="tests.crypto.test_symmetric.TestAssociatedData" name="test_decrypt_missing_aad_fails" time="0.001" /><testcase classname="tests.crypto.test_symmetric.TestAESGCMCipher" name="test_cipher_auto_key" time="0.001" /><testcase classname="tests.crypto.test_symmetric.TestAESGCMCipher" name="test_cipher_custom_key" time="0.001" /><testcase classname="tests.crypto.test_symmetric.TestAESGCMCipher" name="test_cipher_invalid_key" time="0.001" /><testcase classname="tests.crypto.test_symmetric.TestAESGCMCipher" name="test_cipher_encrypt_decrypt" time="0.001" /><testcase classname="tests.crypto.test_symmetric.TestAESGCMCipher" name="test_cipher_cross_instance" time="0.001" /><testcase classname="tests.crypto.test_symmetric.TestAESGCMCipher" name="test_cipher_with_aad" time="0.001" /><testcase classname="tests.crypto.test_symmetric.TestAESGCMCipher" name="test_cipher_aad_wrong_context_fails" time="0.001" /><testcase classname="tests.crypto.test_symmetric.TestKeyDerivation" name="test_pbkdf2_derive_key" time="0.062" /><testcase classname="tests.crypto.test_symmetric.TestKeyDerivation" name="test_pbkdf2_different_salts" time="0.062" /><testcase classname="tests.crypto.test_symmetric.TestKeyDerivation" name="test_pbkdf2_different_passwords" time="0.062" /><testcase classname="tests.crypto.test_symmetric.TestKeyDerivation" name="test_pbkdf2_custom_iterations" time="0.010" /><testcase classname="tests.crypto.test_symmetric.TestKeyDerivation" name="test_scrypt_derive_key" time="0.069" /><testcase classname="tests.crypto.test_symmetric.TestKeyDerivation" name="test_scrypt_different_salts" time="0.065" /><testcase classname="tests.crypto.test_symmetric.TestKeyDerivation" name="test_scrypt_different_passwords" time="0.068" /><testcase classname="tests.crypto.test_symmetric.TestSecurityProperties" name="test_ciphertext_indistinguishable" time="0.001" /><testcase classname="tests.crypto.test_symmetric.TestSecurityProperties" name="test_nonce_uniqueness" time="0.001" /><testcase classname="tests.crypto.test_symmetric.TestSecurityProperties" name="test_tag_verification" time="0.001" /><testcase classname="tests.crypto.test_symmetric.TestSecurityProperties" name="test_nonce_tampering" time="0.001" /><testcase classname="tests.crypto.test_symmetric.TestConstants" name="test_aes_key_size" time="0.001" /><testcase classname="tests.crypto.test_symmetric.TestConstants" name="test_gcm_nonce_size" time="0.001" /><testcase classname="tests.crypto.test_symmetric.TestConstants" name="test_gcm_tag_size" time="0.001" /><testcase classname="tests.e2e.test_mfn_end_to_end.TestFullPipelineDemo" name="test_full_pipeline_demo" time="0.145" /><testcase classname="tests.e2e.test_mfn_end_to_end.TestPipelineWithDifferentConfigs" name="test_simulation_with_default_config" time="0.038" /><testcase classname="tests.e2e.test_mfn_end_to_end.TestPipelineWithDifferentConfigs" name="test_simulation_deterministic_with_seed" time="0.025" /><testcase classname="tests.e2e.test_mfn_end_to_end.TestPipelineWithDifferentConfigs" name="test_feature_extraction_deterministic" time="0.018" /><testcase classname="tests.e2e.test_mfn_end_to_end.TestConfigValidation" name="test_valid_configs_pass_validation" time="0.001" /><testcase classname="tests.e2e.test_mfn_end_to_end.TestConfigValidation" name="test_invalid_config_raises_error" time="0.001" /><testcase classname="tests.e2e.test_mfn_end_to_end.TestConfigValidation" name="test_feature_config_validation" time="0.001" /><testcase classname="tests.e2e.test_mfn_end_to_end.TestConfigValidation" name="test_dataset_config_validation" time="0.001" /><testcase classname="tests.e2e.test_mfn_end_to_end.TestPipelineEdgeCases" name="test_minimal_simulation" time="0.002" /><testcase classname="tests.e2e.test_mfn_end_to_end.TestPipelineEdgeCases" name="test_simulation_without_turing" time="0.004" /><testcase classname="tests.e2e.test_mfn_end_to_end.TestPipelineEdgeCases" name="test_simulation_with_quantum_jitter" time="0.008" /><testcase classname="tests.e2e.test_mfn_end_to_end.TestPipelineMetadata" name="test_simulation_result_metadata" time="0.011" /><testcase classname="tests.e2e.test_mfn_end_to_end.TestPipelineMetadata" name="test_dataset_stats_complete" time="0.030" /><testcase classname="tests.examples.test_finance_regime_detection_example.TestFinanceRegimeDetectionExample" name="test_run_finance_demo_returns_analysis" time="0.037" /><testcase classname="tests.examples.test_finance_regime_detection_example.TestFinanceRegimeDetectionExample" name="test_run_finance_demo_no_exceptions" time="0.036" /><testcase classname="tests.examples.test_finance_regime_detection_example.TestFinanceRegimeDetectionExample" name="test_regime_classification_valid" time="0.036" /><testcase classname="tests.examples.test_finance_regime_detection_example.TestFinanceRegimeDetectionExample" name="test_analysis_features_valid_ranges" time="0.036" /><testcase classname="tests.examples.test_finance_regime_detection_example.TestFinanceRegimeDetectionExample" name="test_analysis_to_dict" time="0.036" /><testcase classname="tests.examples.test_finance_regime_detection_example.TestFinanceRegimeDetectionExample" name="test_run_finance_demo_with_denoise_flag" time="0.039" /><testcase classname="tests.examples.test_finance_regime_detection_example.TestFinanceDataGeneration" name="test_generate_synthetic_market_data" time="0.002" /><testcase classname="tests.examples.test_finance_regime_detection_example.TestFinanceDataGeneration" name="test_map_returns_to_field" time="0.002" /><testcase classname="tests.examples.test_finance_regime_detection_example.TestFinanceRegimeClassification" name="test_classify_regime_high_complexity" time="0.002" /><testcase classname="tests.examples.test_finance_regime_detection_example.TestFinanceRegimeClassification" name="test_classify_regime_low_complexity" time="0.002" /><testcase classname="tests.examples.test_finance_regime_detection_example.TestFinanceRegimeClassification" name="test_classify_regime_normal" time="0.002" /><testcase classname="tests.examples.test_finance_regime_detection_example.TestFinanceRegimeClassification" name="test_main_function_exists" time="0.002" /><testcase classname="tests.examples.test_rl_exploration_example.TestRLExplorationExample" name="test_run_rl_demo_returns_stats" time="0.039" /><testcase classname="tests.examples.test_rl_exploration_example.TestRLExplorationExample" name="test_run_rl_demo_no_exceptions" time="0.035" /><testcase classname="tests.examples.test_rl_exploration_example.TestRLExplorationExample" name="test_exploration_stats_valid_ranges" time="0.039" /><testcase classname="tests.examples.test_rl_exploration_example.TestGridWorldEnvironment" name="test_gridworld_initialization" time="0.003" /><testcase classname="tests.examples.test_rl_exploration_example.TestGridWorldEnvironment" name="test_gridworld_reset" time="0.003" /><testcase classname="tests.examples.test_rl_exploration_example.TestGridWorldEnvironment" name="test_gridworld_step_boundaries" time="0.003" /><testcase classname="tests.examples.test_rl_exploration_example.TestGridWorldEnvironment" name="test_gridworld_goal_reward" time="0.003" /><testcase classname="tests.examples.test_rl_exploration_example.TestGridWorldEnvironment" name="test_gridworld_coverage" time="0.003" /><testcase classname="tests.examples.test_rl_exploration_example.TestMFNExplorer" name="test_explorer_initialization" time="0.003" /><testcase classname="tests.examples.test_rl_exploration_example.TestMFNExplorer" name="test_exploration_bonus_decreases" time="0.004" /><testcase classname="tests.examples.test_rl_exploration_example.TestMFNExplorer" name="test_coverage_fractal_dim_computation" time="0.003" /><testcase classname="tests.examples.test_rl_exploration_example.TestMFNExplorer" name="test_epsilon_modulation" time="0.003" /><testcase classname="tests.examples.test_rl_exploration_example.TestMFNExplorer" name="test_stdp_reward_modulation" time="0.003" /><testcase classname="tests.examples.test_rl_exploration_example.TestMFNExplorer" name="test_main_function_exists" time="0.003" /><testcase classname="tests.examples.test_simple_simulation_example.TestSimpleSimulationExample" name="test_run_demo_returns_features" time="0.015" /><testcase classname="tests.examples.test_simple_simulation_example.TestSimpleSimulationExample" name="test_run_demo_no_exceptions" time="0.015" /><testcase classname="tests.examples.test_simple_simulation_example.TestSimpleSimulationExample" name="test_feature_ranges_valid" time="0.015" /><testcase classname="tests.examples.test_simple_simulation_example.TestSimpleSimulationExample" name="test_feature_array_length" time="0.015" /><testcase classname="tests.examples.test_simple_simulation_example.TestSimpleSimulationExample" name="test_main_function_exists" time="0.001" /><testcase classname="tests.examples.test_simple_simulation_example.TestSimpleSimulationIntegration" name="test_nernst_potential_calculation" time="0.001" /><testcase classname="tests.examples.test_simple_simulation_example.TestSimpleSimulationIntegration" name="test_simulation_config_demo" time="0.001" /><testcase classname="tests.examples.test_simple_simulation_example.TestSimpleSimulationIntegration" name="test_feature_config_demo" time="0.001" /><testcase classname="tests.integration.test_api_auth.TestAuthenticationMiddleware" name="test_health_endpoint_is_public" time="0.014" /><testcase classname="tests.integration.test_api_auth.TestAuthenticationMiddleware" name="test_metrics_endpoint_is_public" time="0.008" /><testcase classname="tests.integration.test_api_auth.TestAuthenticationMiddleware" name="test_protected_endpoint_without_key_returns_401" time="0.007" /><testcase classname="tests.integration.test_api_auth.TestAuthenticationMiddleware" name="test_protected_endpoint_with_invalid_key_returns_401" time="0.006" /><testcase classname="tests.integration.test_api_auth.TestAuthenticationMiddleware" name="test_protected_endpoint_with_valid_key_returns_200" time="0.009" /><testcase classname="tests.integration.test_api_auth.TestAuthenticationMiddleware" name="test_all_protected_endpoints_require_auth" time="0.018" /><testcase classname="tests.integration.test_api_auth.TestAuthenticationMiddleware" name="test_dev_mode_allows_requests_without_key" time="0.007" /><testcase classname="tests.integration.test_api_auth.TestAuthConfig" name="test_auth_config_from_env_dev" time="0.001" /><testcase classname="tests.integration.test_api_auth.TestAuthConfig" name="test_auth_config_from_env_prod" time="0.002" /><testcase classname="tests.integration.test_api_auth.TestAuthConfig" name="test_auth_config_multiple_keys" time="0.002" /><testcase classname="tests.integration.test_api_auth.TestAuthConfig" name="test_public_endpoints_list" time="0.001" /><testcase classname="tests.integration.test_api_logging.TestRequestID" name="test_response_includes_request_id_header" time="0.007" /><testcase classname="tests.integration.test_api_logging.TestRequestID" name="test_request_id_format" time="0.007" /><testcase classname="tests.integration.test_api_logging.TestRequestID" name="test_provided_request_id_is_preserved" time="0.007" /><testcase classname="tests.integration.test_api_logging.TestRequestID" name="test_request_context_cleared_on_exception" time="0.004" /><testcase classname="tests.integration.test_api_logging.TestRequestID" name="test_different_requests_get_different_ids" time="0.011" /><testcase classname="tests.integration.test_api_logging.TestRequestIDContext" name="test_set_and_get_request_id" time="0.001" /><testcase classname="tests.integration.test_api_logging.TestRequestIDContext" name="test_request_id_defaults_to_none" time="0.001" /><testcase classname="tests.integration.test_api_logging.TestJSONFormatter" name="test_json_formatter_output" time="0.001" /><testcase classname="tests.integration.test_api_logging.TestJSONFormatter" name="test_json_formatter_includes_level" time="0.001" /><testcase classname="tests.integration.test_api_logging.TestJSONFormatter" name="test_json_formatter_includes_request_id" time="0.001" /><testcase classname="tests.integration.test_api_logging.TestRequestLoggingMiddleware" name="test_auth_failures_are_logged" time="0.039" /><testcase classname="tests.integration.test_api_logging.TestRequestLoggingMiddleware" name="test_json_formatter_handles_exception" time="0.001" /><testcase classname="tests.integration.test_api_logging.TestTextFormatter" name="test_text_formatter_output" time="0.001" /><testcase classname="tests.integration.test_api_logging.TestTextFormatter" name="test_text_formatter_includes_request_id" time="0.001" /><testcase classname="tests.integration.test_api_logging.TestLoggingSetup" name="test_setup_logging_json_format" time="0.003" /><testcase classname="tests.integration.test_api_logging.TestLoggingSetup" name="test_setup_logging_text_format" time="0.003" /><testcase classname="tests.integration.test_api_logging.TestLoggingConfig" name="test_logging_config_defaults_dev" time="0.001" /><testcase classname="tests.integration.test_api_logging.TestLoggingConfig" name="test_logging_config_defaults_prod" time="0.001" /><testcase classname="tests.integration.test_api_logging.TestLoggingConfig" name="test_logging_level_from_env" time="0.002" /><testcase classname="tests.integration.test_api_logging.TestLoggingConfig" name="test_logging_format_from_env" time="0.002" /><testcase classname="tests.integration.test_api_logging.TestRequestLogging" name="test_requests_are_logged" time="0.008" /><testcase classname="tests.integration.test_api_logging.TestRequestLogging" name="test_error_requests_logged_at_error_level" time="0.009" /><testcase classname="tests.integration.test_api_metrics.TestMetricsEndpoint" name="test_metrics_endpoint_returns_200" time="0.010" /><testcase classname="tests.integration.test_api_metrics.TestMetricsEndpoint" name="test_metrics_endpoint_returns_404_when_disabled" time="0.007" /><testcase classname="tests.integration.test_api_metrics.TestMetricsEndpoint" name="test_metrics_content_type" time="0.009" /><testcase classname="tests.integration.test_api_metrics.TestMetricsEndpoint" name="test_metrics_format" time="0.010" /><testcase classname="tests.integration.test_api_metrics.TestMetricsEndpoint" name="test_metrics_contain_request_counter" time="0.018" /><testcase classname="tests.integration.test_api_metrics.TestMetricsEndpoint" name="test_metrics_contain_latency_histogram" time="0.014" /><testcase classname="tests.integration.test_api_metrics.TestMetricsEndpoint" name="test_metrics_labels" time="0.020" /><testcase classname="tests.integration.test_api_metrics.TestMetricsCollection" name="test_metrics_increment_on_request" time="0.014" /><testcase classname="tests.integration.test_api_metrics.TestMetricsCollection" name="test_metrics_record_different_endpoints" time="0.020" /><testcase classname="tests.integration.test_api_metrics.TestMetricsCollection" name="test_metrics_record_different_methods" time="0.019" /><testcase classname="tests.integration.test_api_metrics.TestMetricsCollection" name="test_metrics_record_status_codes" time="0.020" /><testcase classname="tests.integration.test_api_metrics.TestMetricsConfig" name="test_metrics_enabled_by_default" time="0.001" /><testcase classname="tests.integration.test_api_metrics.TestMetricsConfig" name="test_metrics_can_be_disabled" time="0.002" /><testcase classname="tests.integration.test_api_metrics.TestMetricsConfig" name="test_metrics_can_be_removed_from_public_endpoints" time="0.002" /><testcase classname="tests.integration.test_api_metrics.TestMetricsConfig" name="test_metrics_endpoint_is_normalized" time="0.002" /><testcase classname="tests.integration.test_api_metrics.TestMetricsConfig" name="test_prometheus_availability_check" time="0.001" /><testcase classname="tests.integration.test_api_metrics.TestMetricsMiddleware" name="test_middleware_does_not_break_requests" time="0.007" /><testcase classname="tests.integration.test_api_metrics.TestMetricsMiddleware" name="test_middleware_handles_errors" time="0.015" /><testcase classname="tests.integration.test_api_metrics.TestMetricsMiddleware" name="test_in_progress_requests_gauge" time="0.009" /><testcase classname="tests.integration.test_api_metrics.TestMetricsCustomEndpoint" name="test_custom_metrics_endpoint_served" time="0.010" /><testcase classname="tests.integration.test_api_metrics.TestMetricsCustomEndpoint" name="test_default_metrics_path_not_available" time="0.007" /><testcase classname="tests.integration.test_api_rate_limit.TestTokenBucket" name="test_initial_tokens" time="0.001" /><testcase classname="tests.integration.test_api_rate_limit.TestTokenBucket" name="test_consume_success" time="0.001" /><testcase classname="tests.integration.test_api_rate_limit.TestTokenBucket" name="test_consume_failure" time="0.001" /><testcase classname="tests.integration.test_api_rate_limit.TestTokenBucket" name="test_token_refill" time="0.001" /><testcase classname="tests.integration.test_api_rate_limit.TestTokenBucket" name="test_max_tokens_cap" time="0.001" /><testcase classname="tests.integration.test_api_rate_limit.TestTokenBucket" name="test_time_until_available" time="0.001" /><testcase classname="tests.integration.test_api_rate_limit.TestRateLimiter" name="test_rate_limiter_allows_requests" time="0.001" /><testcase classname="tests.integration.test_api_rate_limit.TestRateLimiter" name="test_rate_limiter_blocks_excess_requests" time="0.001" /><testcase classname="tests.integration.test_api_rate_limit.TestRateLimiter" name="test_rate_limiter_handles_non_positive_limits[0-60]" time="0.001" /><testcase classname="tests.integration.test_api_rate_limit.TestRateLimiter" name="test_rate_limiter_handles_non_positive_limits[10-0]" time="0.001" /><testcase classname="tests.integration.test_api_rate_limit.TestRateLimiter" name="test_update_config_handles_zero_window" time="0.001" /><testcase classname="tests.integration.test_api_rate_limit.TestRateLimiter" name="test_rate_limiter_cleanup" time="0.001" /><testcase classname="tests.integration.test_api_rate_limit.TestRateLimitMiddleware" name="test_rate_limit_headers_present_when_enabled" time="0.001" /><testcase classname="tests.integration.test_api_rate_limit.TestRateLimitMiddleware" name="test_rate_limit_config_in_staging" time="0.002" /><testcase classname="tests.integration.test_api_rate_limit.TestRateLimitMiddleware" name="test_rate_limit_exceeded_behavior" time="0.001" /><testcase classname="tests.integration.test_api_rate_limit.TestRateLimitMiddleware" name="test_429_response_includes_retry_after" time="0.001" /><testcase classname="tests.integration.test_api_rate_limit.TestRateLimitMiddleware" name="test_429_response_body_format" time="0.001" /><testcase classname="tests.integration.test_api_rate_limit.TestRateLimitMiddleware" name="test_middleware_refreshes_dynamic_config" time="0.001" /><testcase classname="tests.integration.test_api_rate_limit.TestRateLimitMiddleware" name="test_disabled_rate_limiting_in_dev" time="0.086" /><testcase classname="tests.integration.test_api_rate_limit.TestRateLimitConfig" name="test_rate_limit_config_defaults" time="0.002" /><testcase classname="tests.integration.test_api_rate_limit.TestRateLimitConfig" name="test_rate_limit_disabled_in_dev" time="0.001" /><testcase classname="tests.integration.test_api_rate_limit.TestRateLimitConfig" name="test_rate_limit_config_from_env" time="0.002" /><testcase classname="tests.integration.test_api_rate_limit.TestRateLimitConfig" name="test_per_endpoint_limits" time="0.001" /><testcase classname="tests.integration.test_api_rate_limit.TestRateLimitConfig" name="test_metrics_endpoint_limit_is_customizable" time="0.002" /><testcase classname="tests.integration.test_api_safety" name="test_health_ok" time="0.005" /><testcase classname="tests.integration.test_api_safety" name="test_validate_rejects_invalid_payload" time="0.007" /><testcase classname="tests.integration.test_connectors.TestConnectorConfig" name="test_default_config" time="0.001" /><testcase classname="tests.integration.test_connectors.TestConnectorConfig" name="test_custom_config" time="0.001" /><testcase classname="tests.integration.test_connectors.TestRESTConnector" name="test_connect_disconnect" time="0.000"><skipped type="pytest.skip" message="aiohttp is not installed">/home/runner/work/mycelium-fractal-net/mycelium-fractal-net/tests/integration/test_connectors.py:70: aiohttp is not installed</skipped></testcase><testcase classname="tests.integration.test_connectors.TestRESTConnector" name="test_fetch_success" time="0.000"><skipped type="pytest.skip" message="aiohttp is not installed">/home/runner/work/mycelium-fractal-net/mycelium-fractal-net/tests/integration/test_connectors.py:88: aiohttp is not installed</skipped></testcase><testcase classname="tests.integration.test_connectors.TestRESTConnector" name="test_fetch_with_retry" time="0.000"><skipped type="pytest.skip" message="aiohttp is not installed">/home/runner/work/mycelium-fractal-net/mycelium-fractal-net/tests/integration/test_connectors.py:116: aiohttp is not installed</skipped></testcase><testcase classname="tests.integration.test_connectors.TestRESTConnector" name="test_disabled_connector" time="0.000"><skipped type="pytest.skip" message="aiohttp is not installed">/home/runner/work/mycelium-fractal-net/mycelium-fractal-net/tests/integration/test_connectors.py:159: aiohttp is not installed</skipped></testcase><testcase classname="tests.integration.test_connectors.TestFileConnector" name="test_connect_valid_directory" time="0.004" /><testcase classname="tests.integration.test_connectors.TestFileConnector" name="test_connect_invalid_directory" time="0.001" /><testcase classname="tests.integration.test_connectors.TestFileConnector" name="test_fetch_json_file" time="0.003" /><testcase classname="tests.integration.test_connectors.TestFileConnector" name="test_fetch_no_files" time="0.002" /><testcase classname="tests.integration.test_connectors.TestFileConnector" name="test_auto_delete" time="0.002" /><testcase classname="tests.integration.test_connectors.TestRetryLogic" name="test_exponential_backoff" time="0.001" /><testcase classname="tests.integration.test_connectors.TestRetryLogic" name="test_linear_backoff" time="0.001" /><testcase classname="tests.integration.test_connectors.TestRetryLogic" name="test_fixed_delay" time="0.001" /><testcase classname="tests.integration.test_connectors.TestRetryLogic" name="test_no_retry" time="0.001" /><testcase classname="tests.integration.test_connectors.TestConnectorMetrics" name="test_metrics_tracking" time="0.003" /><testcase classname="tests.integration.test_connectors.TestConnectorMetrics" name="test_error_metrics" time="0.000"><skipped type="pytest.skip" message="aiohttp is not installed">/home/runner/work/mycelium-fractal-net/mycelium-fractal-net/tests/integration/test_connectors.py:359: aiohttp is not installed</skipped></testcase><testcase classname="tests.integration.test_critical_pipelines.TestPipeline1SimulationToResult" name="test_complete_pipeline_flow" time="0.008" /><testcase classname="tests.integration.test_critical_pipelines.TestPipeline1SimulationToResult" name="test_pipeline_with_history" time="0.008" /><testcase classname="tests.integration.test_critical_pipelines.TestPipeline1SimulationToResult" name="test_pipeline_determinism" time="0.007" /><testcase classname="tests.integration.test_critical_pipelines.TestPipeline2ResultToFeatures" name="test_complete_pipeline_flow" time="0.014" /><testcase classname="tests.integration.test_critical_pipelines.TestPipeline2ResultToFeatures" name="test_feature_extraction_from_single_field" time="0.009" /><testcase classname="tests.integration.test_critical_pipelines.TestPipeline2ResultToFeatures" name="test_feature_ranges_match_spec" time="0.029" /><testcase classname="tests.integration.test_critical_pipelines.TestPipeline3DatasetGeneration" name="test_complete_pipeline_flow" time="0.028" /><testcase classname="tests.integration.test_critical_pipelines.TestPipeline3DatasetGeneration" name="test_dataset_schema_compliance" time="0.028" /><testcase classname="tests.integration.test_critical_pipelines.TestPipeline3DatasetGeneration" name="test_dataset_reproducibility" time="0.042" /><testcase classname="tests.integration.test_critical_pipelines.TestEndToEndPipeline" name="test_full_workflow" time="0.014" /><testcase classname="tests.integration.test_critical_pipelines.TestEndToEndPipeline" name="test_workflow_with_multiple_configs" time="0.036" /><testcase classname="tests.integration.test_critical_pipelines.TestAPIEndpoints" name="test_api_module_imports" time="0.001" /><testcase classname="tests.integration.test_critical_pipelines.TestAPIEndpoints" name="test_api_models_valid" time="0.001" /><testcase classname="tests.integration.test_critical_pipelines.TestCLIWorkflow" name="test_cli_module_imports" time="0.001" /><testcase classname="tests.integration.test_critical_pipelines.TestCLIWorkflow" name="test_validation_config_from_args" time="0.001" /><testcase classname="tests.integration.test_crypto_api.TestEncryptEndpoint" name="test_encrypt_basic" time="0.010" /><testcase classname="tests.integration.test_crypto_api.TestEncryptEndpoint" name="test_encrypt_with_aad" time="0.010" /><testcase classname="tests.integration.test_crypto_api.TestEncryptEndpoint" name="test_encrypt_invalid_base64" time="0.009" /><testcase classname="tests.integration.test_crypto_api.TestEncryptEndpoint" name="test_encrypt_empty_plaintext_rejected" time="0.009" /><testcase classname="tests.integration.test_crypto_api.TestEncryptEndpoint" name="test_encrypt_when_disabled" time="0.008" /><testcase classname="tests.integration.test_crypto_api.TestDecryptEndpoint" name="test_decrypt_basic" time="0.015" /><testcase classname="tests.integration.test_crypto_api.TestDecryptEndpoint" name="test_decrypt_with_aad" time="0.015" /><testcase classname="tests.integration.test_crypto_api.TestDecryptEndpoint" name="test_decrypt_wrong_aad_fails" time="0.014" /><testcase classname="tests.integration.test_crypto_api.TestDecryptEndpoint" name="test_decrypt_invalid_ciphertext" time="0.015" /><testcase classname="tests.integration.test_crypto_api.TestSignEndpoint" name="test_sign_basic" time="0.017" /><testcase classname="tests.integration.test_crypto_api.TestSignEndpoint" name="test_sign_with_key_id" time="0.027" /><testcase classname="tests.integration.test_crypto_api.TestVerifyEndpoint" name="test_verify_valid_signature" time="0.031" /><testcase classname="tests.integration.test_crypto_api.TestVerifyEndpoint" name="test_verify_invalid_signature" time="0.032" /><testcase classname="tests.integration.test_crypto_api.TestVerifyEndpoint" name="test_verify_with_public_key" time="0.038" /><testcase classname="tests.integration.test_crypto_api.TestKeypairEndpoint" name="test_generate_ed25519_keypair" time="0.011" /><testcase classname="tests.integration.test_crypto_api.TestKeypairEndpoint" name="test_generate_ecdh_keypair" time="0.010" /><testcase classname="tests.integration.test_crypto_api.TestKeypairEndpoint" name="test_generate_with_custom_key_id" time="0.012" /><testcase classname="tests.integration.test_crypto_api.TestKeypairEndpoint" name="test_generate_invalid_algorithm" time="0.009" /><testcase classname="tests.integration.test_crypto_api.TestCryptoToggle" name="test_all_endpoints_disabled" time="0.032" /><testcase classname="tests.integration.test_data_integrations.TestIntegrationCount" name="test_total_count" time="0.001" /><testcase classname="tests.integration.test_data_integrations.TestIntegrationCount" name="test_category_counts" time="0.001" /><testcase classname="tests.integration.test_data_integrations.TestIntegrationCategory" name="test_all_categories_defined" time="0.001" /><testcase classname="tests.integration.test_data_integrations.TestCoreIterationIntegrations" name="test_integration_count" time="0.001" /><testcase classname="tests.integration.test_data_integrations.TestCoreIterationIntegrations" name="test_integration_ids" time="0.001" /><testcase classname="tests.integration.test_data_integrations.TestCoreIterationIntegrations" name="test_base_iteration_factor" time="0.001" /><testcase classname="tests.integration.test_data_integrations.TestKeyDerivationIntegrations" name="test_integration_count" time="0.001" /><testcase classname="tests.integration.test_data_integrations.TestKeyDerivationIntegrations" name="test_integration_ids" time="0.001" /><testcase classname="tests.integration.test_data_integrations.TestKeyDerivationIntegrations" name="test_kdf_algorithm" time="0.001" /><testcase classname="tests.integration.test_data_integrations.TestEncryptionOptimizationIntegrations" name="test_integration_count" time="0.001" /><testcase classname="tests.integration.test_data_integrations.TestEncryptionOptimizationIntegrations" name="test_integration_ids" time="0.001" /><testcase classname="tests.integration.test_data_integrations.TestHashFunctionIntegrations" name="test_integration_count" time="0.001" /><testcase classname="tests.integration.test_data_integrations.TestHashFunctionIntegrations" name="test_integration_ids" time="0.001" /><testcase classname="tests.integration.test_data_integrations.TestSaltGenerationIntegrations" name="test_integration_count" time="0.001" /><testcase classname="tests.integration.test_data_integrations.TestSaltGenerationIntegrations" name="test_integration_ids" time="0.001" /><testcase classname="tests.integration.test_data_integrations.TestMemoryOptimizationIntegrations" name="test_integration_count" time="0.001" /><testcase classname="tests.integration.test_data_integrations.TestMemoryOptimizationIntegrations" name="test_integration_ids" time="0.001" /><testcase classname="tests.integration.test_data_integrations.TestParallelizationIntegrations" name="test_integration_count" time="0.001" /><testcase classname="tests.integration.test_data_integrations.TestParallelizationIntegrations" name="test_integration_ids" time="0.001" /><testcase classname="tests.integration.test_data_integrations.TestValidationAuditIntegrations" name="test_integration_count" time="0.001" /><testcase classname="tests.integration.test_data_integrations.TestValidationAuditIntegrations" name="test_integration_ids" time="0.001" /><testcase classname="tests.integration.test_data_integrations.TestDataIntegration" name="test_creation" time="0.001" /><testcase classname="tests.integration.test_data_integrations.TestDataIntegration" name="test_to_dict" time="0.001" /><testcase classname="tests.integration.test_data_integrations.TestDataIntegrationConfig" name="test_loads_all_integrations" time="0.002" /><testcase classname="tests.integration.test_data_integrations.TestDataIntegrationConfig" name="test_get_integration" time="0.001" /><testcase classname="tests.integration.test_data_integrations.TestDataIntegrationConfig" name="test_get_integration_invalid_id" time="0.002" /><testcase classname="tests.integration.test_data_integrations.TestDataIntegrationConfig" name="test_get_integrations_by_category" time="0.001" /><testcase classname="tests.integration.test_data_integrations.TestDataIntegrationConfig" name="test_get_enabled_integrations" time="0.001" /><testcase classname="tests.integration.test_data_integrations.TestDataIntegrationConfig" name="test_disable_integration" time="0.001" /><testcase classname="tests.integration.test_data_integrations.TestDataIntegrationConfig" name="test_enable_integration" time="0.001" /><testcase classname="tests.integration.test_data_integrations.TestDataIntegrationConfig" name="test_update_value" time="0.002" /><testcase classname="tests.integration.test_data_integrations.TestDataIntegrationConfig" name="test_change_history" time="0.001" /><testcase classname="tests.integration.test_data_integrations.TestDataIntegrationConfig" name="test_to_dict" time="0.002" /><testcase classname="tests.integration.test_data_integrations.TestDataIntegrationConfig" name="test_optimization_summary" time="0.002" /><testcase classname="tests.integration.test_data_integrations.TestGetIntegration" name="test_get_first_integration" time="0.001" /><testcase classname="tests.integration.test_data_integrations.TestGetIntegration" name="test_get_last_integration" time="0.001" /><testcase classname="tests.integration.test_data_integrations.TestListAllIntegrations" name="test_returns_77_integrations" time="0.001" /><testcase classname="tests.integration.test_data_integrations.TestListAllIntegrations" name="test_integrations_ordered" time="0.001" /><testcase classname="tests.integration.test_data_integrations.TestGetIntegrationCategories" name="test_returns_8_categories" time="0.001" /><testcase classname="tests.integration.test_data_integrations.TestGetIntegrationCategories" name="test_category_ranges" time="0.001" /><testcase classname="tests.integration.test_data_integrations.TestGlobalConfig" name="test_singleton" time="0.001" /><testcase classname="tests.integration.test_data_integrations.TestGlobalConfig" name="test_reset" time="0.002" /><testcase classname="tests.integration.test_error_handlers" name="test_create_error_response_includes_core_fields" time="0.001" /><testcase classname="tests.integration.test_error_handlers" name="test_register_error_handlers_registers_expected_handlers" time="0.005" /><testcase classname="tests.integration.test_error_handlers" name="test_error_handlers_apply_standard_error_schema[/items-422-VALIDATION_ERROR-Validation failed: 1 error(s)]" time="0.006" /><testcase classname="tests.integration.test_error_handlers" name="test_error_handlers_apply_standard_error_schema[/value-error-400-INVALID_REQUEST-invalid state]" time="0.007" /><testcase classname="tests.integration.test_error_handlers" name="test_error_handlers_apply_standard_error_schema[/runtime-error-500-INTERNAL_ERROR-An internal error occurred. Please try again later.]" time="0.010" /><testcase classname="tests.integration.test_error_handlers" name="test_validation_exception_handler_includes_details" time="0.005" /><testcase classname="tests.integration.test_error_handlers" name="test_pydantic_validation_exception_handler_handles_model_errors" time="0.006" /><testcase classname="tests.integration.test_error_handlers" name="test_value_error_handler_prefers_internal_error_for_wrong_type" time="0.009" /><testcase classname="tests.integration.test_imports" name="test_package_import" time="0.001" /><testcase classname="tests.integration.test_imports" name="test_package_version" time="0.001" /><testcase classname="tests.integration.test_imports" name="test_public_api_functions" time="0.001" /><testcase classname="tests.integration.test_imports" name="test_public_api_classes" time="0.001" /><testcase classname="tests.integration.test_imports" name="test_core_engines_import" time="0.001" /><testcase classname="tests.integration.test_imports" name="test_exceptions_import" time="0.001" /><testcase classname="tests.integration.test_imports" name="test_physical_constants_import" time="0.001" /><testcase classname="tests.integration.test_imports" name="test_all_exports" time="0.001" /><testcase classname="tests.integration.test_publishers.TestPublisherConfig" name="test_default_config" time="0.001" /><testcase classname="tests.integration.test_publishers.TestPublisherConfig" name="test_custom_config" time="0.001" /><testcase classname="tests.integration.test_publishers.TestFilePublisher" name="test_connect_creates_directory" time="0.002" /><testcase classname="tests.integration.test_publishers.TestFilePublisher" name="test_publish_json_file" time="0.003" /><testcase classname="tests.integration.test_publishers.TestFilePublisher" name="test_publish_multiple_files" time="0.007" /><testcase classname="tests.integration.test_publishers.TestFilePublisher" name="test_append_mode" time="0.003" /><testcase classname="tests.integration.test_publishers.TestFilePublisher" name="test_disabled_publisher" time="0.003" /><testcase classname="tests.integration.test_publishers.TestPublisherMetrics" name="test_metrics_tracking" time="0.009" /><testcase classname="tests.integration.test_publishers.TestPublisherMetrics" name="test_metrics_to_dict" time="0.002" /><testcase classname="tests.integration.test_websocket_streaming.TestWebSocketStreamFeatures" name="test_stream_features_basic_flow" time="0.000"><skipped type="pytest.skip" message="Streaming tests timeout with TestClient - require async test setup">/home/runner/work/mycelium-fractal-net/mycelium-fractal-net/tests/integration/test_websocket_streaming.py:83: Streaming tests timeout with TestClient - require async test setup</skipped></testcase><testcase classname="tests.integration.test_websocket_streaming.TestWebSocketStreamFeatures" name="test_stream_features_authentication_required" time="0.010" /><testcase classname="tests.integration.test_websocket_streaming.TestWebSocketStreamFeatures" name="test_stream_features_with_valid_auth" time="0.017" /><testcase classname="tests.integration.test_websocket_streaming.TestWebSocketStreamFeatures" name="test_stream_features_connection_flow" time="0.009" /><testcase classname="tests.integration.test_websocket_streaming.TestWebSocketSimulationLive" name="test_simulation_live_basic_flow" time="0.000"><skipped type="pytest.skip" message="Streaming tests timeout with TestClient - require async test setup">/home/runner/work/mycelium-fractal-net/mycelium-fractal-net/tests/integration/test_websocket_streaming.py:268: Streaming tests timeout with TestClient - require async test setup</skipped></testcase><testcase classname="tests.integration.test_websocket_streaming.TestWebSocketSimulationLive" name="test_simulation_live_connection_flow" time="0.010" /><testcase classname="tests.integration.test_websocket_streaming.TestWebSocketHeartbeat" name="test_pong_message_handling" time="0.008" /><testcase classname="tests.integration.test_websocket_streaming.TestWebSocketErrorHandling" name="test_connection_lifecycle" time="0.008" /><testcase classname="tests.integration.test_websocket_streaming.TestWebSocketErrorHandling" name="test_expired_timestamp_auth" time="0.007" /><testcase classname="tests.integration.test_websocket_streaming.TestWebSocketConnectionManager" name="test_connection_manager_stats" time="0.002" /><testcase classname="tests.integration.test_websocket_streaming.TestWebSocketConnectionManager" name="test_backpressure_strategies" time="0.001" /><testcase classname="tests.integration.test_websocket_streaming.TestWebSocketConnectionManager" name="test_authenticate_missing_api_key" time="0.003" /><testcase classname="tests.integration.test_websocket_streaming.TestWebSocketConnectionManager" name="test_optional_authentication_with_missing_key" time="0.003" /><testcase classname="tests.integration.test_websocket_streaming.TestWebSocketConnectionManager" name="test_optional_authentication_with_non_string_key" time="0.003" /><testcase classname="tests.integration.test_websocket_streaming.TestWebSocketConnectionManager" name="test_authenticate_with_invalid_timestamp" time="0.003" /><testcase classname="tests.integration.test_ws_adapters_unit" name="test_compute_fractal_dimension_handles_empty_field" time="0.001" /><testcase classname="tests.integration.test_ws_adapters_unit" name="test_compute_fractal_dimension_returns_finite_value_for_sparse_activity" time="0.001" /><testcase classname="tests.mfn_analytics.test_fractal_features.TestComputeBasicStatsShapeAndValues" name="test_constant_field_stats" time="0.001" /><testcase classname="tests.mfn_analytics.test_fractal_features.TestComputeBasicStatsShapeAndValues" name="test_linear_gradient_field_stats" time="0.001" /><testcase classname="tests.mfn_analytics.test_fractal_features.TestComputeBasicStatsShapeAndValues" name="test_output_in_millivolts" time="0.001" /><testcase classname="tests.mfn_analytics.test_fractal_features.TestComputeBoxCountingDimensionMonotonicity" name="test_filled_rectangle_dimension" time="0.001" /><testcase classname="tests.mfn_analytics.test_fractal_features.TestComputeBoxCountingDimensionMonotonicity" name="test_random_noise_dimension" time="0.001" /><testcase classname="tests.mfn_analytics.test_fractal_features.TestComputeBoxCountingDimensionMonotonicity" name="test_complexity_affects_dimension" time="0.002" /><testcase classname="tests.mfn_analytics.test_fractal_features.TestComputeBoxCountingDimensionMonotonicity" name="test_non_square_raises" time="0.001" /><testcase classname="tests.mfn_analytics.test_fractal_features.TestComputeBoxCountingDimensionMonotonicity" name="test_1d_array_raises" time="0.001" /><testcase classname="tests.mfn_analytics.test_fractal_features.TestComputeFractalFeaturesIntegration" name="test_feature_vector_contains_all_keys" time="0.004" /><testcase classname="tests.mfn_analytics.test_fractal_features.TestComputeFractalFeaturesIntegration" name="test_no_nan_values" time="0.003" /><testcase classname="tests.mfn_analytics.test_fractal_features.TestComputeFractalFeaturesIntegration" name="test_no_inf_values" time="0.003" /><testcase classname="tests.mfn_analytics.test_fractal_features.TestComputeFractalFeaturesIntegration" name="test_dimension_in_expected_range" time="0.004" /><testcase classname="tests.mfn_analytics.test_fractal_features.TestComputeFractalFeaturesIntegration" name="test_r2_in_valid_range" time="0.004" /><testcase classname="tests.mfn_analytics.test_fractal_features.TestComputeFractalFeaturesIntegration" name="test_active_fraction_in_valid_range" time="0.003" /><testcase classname="tests.mfn_analytics.test_fractal_features.TestComputeFractalFeaturesIntegration" name="test_temporal_features_with_history" time="0.005" /><testcase classname="tests.mfn_analytics.test_fractal_features.TestComputeFractalFeaturesIntegration" name="test_does_not_modify_input" time="0.004" /><testcase classname="tests.mfn_analytics.test_fractal_features.TestComputeFractalFeaturesIntegration" name="test_invalid_input_type_raises" time="0.001" /><testcase classname="tests.mfn_analytics.test_fractal_features.TestFeatureVectorMethods" name="test_to_array_shape" time="0.001" /><testcase classname="tests.mfn_analytics.test_fractal_features.TestFeatureVectorMethods" name="test_feature_names" time="0.001" /><testcase classname="tests.mfn_analytics.test_fractal_features.TestFeatureVectorMethods" name="test_contains_and_getitem" time="0.001" /><testcase classname="tests.mfn_analytics.test_fractal_features.TestDeterminism" name="test_same_input_same_output" time="0.007" /><testcase classname="tests.numerics.test_numerics_stability.TestMembraneStability" name="test_membrane_potential_stable_range" time="0.002" /><testcase classname="tests.numerics.test_numerics_stability.TestMembraneStability" name="test_membrane_ode_integration_no_nan" time="0.012" /><testcase classname="tests.numerics.test_numerics_stability.TestMembraneStability" name="test_membrane_clamping_prevents_overflow" time="0.005" /><testcase classname="tests.numerics.test_numerics_stability.TestReactionDiffusionStability" name="test_reaction_diffusion_stability_small_grid" time="0.030" /><testcase classname="tests.numerics.test_numerics_stability.TestReactionDiffusionStability" name="test_reaction_diffusion_cfl_validation" time="0.001" /><testcase classname="tests.numerics.test_numerics_stability.TestReactionDiffusionStability" name="test_activator_inhibitor_bounded" time="0.030" /><testcase classname="tests.numerics.test_numerics_stability.TestReactionDiffusionStability" name="test_different_boundary_conditions" time="0.110" /><testcase classname="tests.numerics.test_numerics_stability.TestNumericsModuleStability" name="test_laplacian_no_nan" time="0.001" /><testcase classname="tests.numerics.test_numerics_stability.TestNumericsModuleStability" name="test_diffusion_update_stable" time="0.001" /><testcase classname="tests.numerics.test_numerics_stability.TestNumericsModuleStability" name="test_diffusion_update_cfl_violation_raises" time="0.001" /><testcase classname="tests.numerics.test_numerics_stability.TestNumericsModuleStability" name="test_activator_inhibitor_update_stable" time="0.014" /><testcase classname="tests.numerics.test_numerics_stability.TestNumericsModuleStability" name="test_full_simulation_step_stable" time="0.048" /><testcase classname="tests.numerics.test_numerics_stability.TestReproducibility" name="test_reproducibility_fixed_seed" time="0.030" /><testcase classname="tests.numerics.test_numerics_stability.TestReproducibility" name="test_reproducibility_different_seeds" time="0.030" /><testcase classname="tests.numerics.test_numerics_stability.TestReproducibility" name="test_membrane_reproducibility" time="0.001" /><testcase classname="tests.numerics.test_numerics_stability.TestReproducibility" name="test_fractal_reproducibility" time="0.003" /><testcase classname="tests.numerics.test_numerics_stability.TestFieldStatistics" name="test_compute_field_statistics" time="0.001" /><testcase classname="tests.numerics.test_numerics_stability.TestFieldStatistics" name="test_validate_field_stability_pass" time="0.001" /><testcase classname="tests.numerics.test_numerics_stability.TestFieldStatistics" name="test_validate_field_stability_nan" time="0.001" /><testcase classname="tests.numerics.test_numerics_stability.TestFieldStatistics" name="test_validate_field_stability_inf" time="0.001" /><testcase classname="tests.numerics.test_numerics_stability.TestLongRunStability" name="test_extended_simulation_stability[200-16]" time="0.059" /><testcase classname="tests.numerics.test_numerics_stability.TestLongRunStability" name="test_extended_simulation_stability[200-32]" time="0.063" /><testcase classname="tests.numerics.test_numerics_stability.TestLongRunStability" name="test_extended_simulation_stability[500-16]" time="0.142" /><testcase classname="tests.numerics.test_numerics_stability.TestLongRunStability" name="test_extended_simulation_stability[500-32]" time="0.155" /><testcase classname="tests.numerics.test_numerics_stability.TestLongRunStability" name="test_quantum_jitter_stability" time="0.064" /><testcase classname="tests.numerics.test_numerics_stability.TestFractalStability" name="test_ifs_stability" time="0.002" /><testcase classname="tests.numerics.test_numerics_stability.TestFractalStability" name="test_box_counting_stability" time="0.001" /><testcase classname="tests.perf.test_mfn_performance.TestSimulationDemoPerf" name="test_simulation_demo_perf" time="0.063" /><testcase classname="tests.perf.test_mfn_performance.TestSimulationDefaultPerf" name="test_simulation_default_perf" time="0.150" /><testcase classname="tests.perf.test_mfn_performance.TestFeaturesDemoPerf" name="test_features_demo_perf" time="0.029" /><testcase classname="tests.perf.test_mfn_performance.TestDatasetDemoPerf" name="test_dataset_demo_perf" time="0.086" /><testcase classname="tests.perf.test_mfn_performance.TestPerformanceSmoke" name="test_simulation_completes_in_reasonable_time" time="0.011" /><testcase classname="tests.perf.test_mfn_performance.TestPerformanceSmoke" name="test_features_completes_in_reasonable_time" time="0.014" /><testcase classname="tests.perf.test_mfn_performance.TestBenchmarks" name="test_benchmark_simulation_scaling" time="0.000"><skipped type="pytest.skip" message="Benchmark tests are for manual profiling only">/home/runner/work/mycelium-fractal-net/mycelium-fractal-net/tests/perf/test_mfn_performance.py:249: Benchmark tests are for manual profiling only</skipped></testcase><testcase classname="tests.perf.test_stress_scalability.TestLargeGridScalability" name="test_large_grid_128x128_completes" time="0.691" /><testcase classname="tests.perf.test_stress_scalability.TestLargeGridScalability" name="test_xlarge_grid_256x256_completes" time="0.500" /><testcase classname="tests.perf.test_stress_scalability.TestLargeGridScalability" name="test_grid_scaling_subquadratic" time="0.749" /><testcase classname="tests.perf.test_stress_scalability.TestLongSimulations" name="test_long_simulation_1000_steps" time="2.728" /><testcase classname="tests.perf.test_stress_scalability.TestLongSimulations" name="test_long_simulation_with_history_memory" time="1.385" /><testcase classname="tests.perf.test_stress_scalability.TestMemoryStress" name="test_no_memory_leak_repeated_simulations" time="4.863" /><testcase classname="tests.perf.test_stress_scalability.TestMemoryStress" name="test_large_batch_feature_extraction" time="2.542" /><testcase classname="tests.perf.test_stress_scalability.TestConcurrentProcessing" name="test_thread_safe_simulation" time="0.260" /><testcase classname="tests.perf.test_stress_scalability.TestConcurrentProcessing" name="test_concurrent_throughput" time="0.255" /><testcase classname="tests.perf.test_stress_scalability.TestLargeDataProcessing" name="test_fractal_dimension_large_field" time="0.118" /><testcase classname="tests.perf.test_stress_scalability.TestLargeDataProcessing" name="test_lyapunov_large_history" time="0.170" /><testcase classname="tests.perf.test_stress_scalability.TestLargeDataProcessing" name="test_many_ifs_generations" time="1.955" /><testcase classname="tests.perf.test_stress_scalability.TestFederatedScalability" name="test_krum_many_clients" time="0.139" /><testcase classname="tests.perf.test_stress_scalability.TestFederatedScalability" name="test_krum_large_gradients" time="0.128" /><testcase classname="tests.perf.test_stress_scalability.TestNumericalStabilityUnderStress" name="test_extreme_diffusion_parameters" time="0.033" /><testcase classname="tests.perf.test_stress_scalability.TestNumericalStabilityUnderStress" name="test_many_steps_stability" time="0.672" /><testcase classname="tests.perf.test_stress_scalability.TestReactionDiffusionEngineStress" name="test_engine_repeated_runs" time="0.190" /><testcase classname="tests.perf.test_stress_scalability.TestReactionDiffusionEngineStress" name="test_engine_large_grid" time="0.137" /><testcase classname="tests.perf.test_stress_scalability.TestMembraneEngineScalability" name="test_many_ion_calculations" time="0.151" /><testcase classname="tests.perf.test_stress_scalability.TestScalabilityBenchmarks" name="test_grid_size_scaling_detailed" time="0.000"><skipped type="pytest.skip" message="Benchmark test for manual profiling only">/home/runner/work/mycelium-fractal-net/mycelium-fractal-net/tests/perf/test_stress_scalability.py:533: Benchmark test for manual profiling only</skipped></testcase><testcase classname="tests.perf.test_stress_scalability.TestScalabilityBenchmarks" name="test_steps_scaling_detailed" time="0.000"><skipped type="pytest.skip" message="Benchmark test for manual profiling only">/home/runner/work/mycelium-fractal-net/mycelium-fractal-net/tests/perf/test_stress_scalability.py:559: Benchmark test for manual profiling only</skipped></testcase><testcase classname="tests.performance.test_api_performance_small.TestAPIPerformanceBasics" name="test_health_endpoint_latency" time="0.047" /><testcase classname="tests.performance.test_api_performance_small.TestAPIPerformanceBasics" name="test_nernst_endpoint_latency" time="0.033" /><testcase classname="tests.performance.test_api_performance_small.TestAPIPerformanceBasics" name="test_simulate_small_grid_latency" time="0.017" /><testcase classname="tests.performance.test_api_performance_small.TestAPIPerformanceBasics" name="test_validate_minimal_latency" time="1.172" /><testcase classname="tests.performance.test_api_performance_small.TestAPIThroughput" name="test_health_throughput" time="0.215" /><testcase classname="tests.performance.test_api_performance_small.TestAPIThroughput" name="test_nernst_throughput" time="0.116" /><testcase classname="tests.performance.test_api_performance_small.TestAPIErrorRates" name="test_zero_error_rate_valid_requests" time="0.129" /><testcase classname="tests.performance.test_api_performance_small.TestAPIErrorRates" name="test_nernst_consistency" time="0.059" /><testcase classname="tests.performance.test_api_performance_small.TestAPIStress" name="test_rapid_fire_requests" time="0.423" /><testcase classname="tests.performance.test_api_performance_small.TestAPIStress" name="test_mixed_endpoint_load" time="0.354" /><testcase classname="tests.security.test_audit.TestAuditEvent" name="test_event_creation" time="0.001" /><testcase classname="tests.security.test_audit.TestAuditEvent" name="test_event_to_dict" time="0.001" /><testcase classname="tests.security.test_audit.TestAuditEvent" name="test_event_to_json" time="0.001" /><testcase classname="tests.security.test_audit.TestAuditEvent" name="test_event_timestamp" time="0.001" /><testcase classname="tests.security.test_audit.TestAuditEvent" name="test_event_ip_redaction" time="0.001" /><testcase classname="tests.security.test_audit.TestAuditEvent" name="test_event_sensitive_field_redaction" time="0.001" /><testcase classname="tests.security.test_audit.TestAuditEvent" name="test_event_details_redaction" time="0.001" /><testcase classname="tests.security.test_audit.TestAuditLogger" name="test_logger_initialization" time="0.001" /><testcase classname="tests.security.test_audit.TestAuditLogger" name="test_logger_log" time="0.001" /><testcase classname="tests.security.test_audit.TestAuditLogger" name="test_logger_authentication_success" time="0.001" /><testcase classname="tests.security.test_audit.TestAuditLogger" name="test_logger_authentication_failure" time="0.001" /><testcase classname="tests.security.test_audit.TestAuditLogger" name="test_logger_access_granted" time="0.001" /><testcase classname="tests.security.test_audit.TestAuditLogger" name="test_logger_access_denied" time="0.001" /><testcase classname="tests.security.test_audit.TestAuditLogger" name="test_logger_rate_limit_exceeded" time="0.001" /><testcase classname="tests.security.test_audit.TestAuditLogger" name="test_logger_suspicious_activity" time="0.001" /><testcase classname="tests.security.test_audit.TestAuditLogFunction" name="test_audit_log_basic" time="0.001" /><testcase classname="tests.security.test_audit.TestAuditLogFunction" name="test_audit_log_with_details" time="0.001" /><testcase classname="tests.security.test_audit.TestAuditLogFunction" name="test_get_audit_logger_singleton" time="0.001" /><testcase classname="tests.security.test_audit.TestComplianceLogging" name="test_gdpr_data_minimization" time="0.001" /><testcase classname="tests.security.test_audit.TestComplianceLogging" name="test_soc2_audit_trail" time="0.001" /><testcase classname="tests.security.test_audit.TestComplianceLogging" name="test_audit_event_immutability" time="0.001" /><testcase classname="tests.security.test_authorization.TestAuthorizationEnforcement" name="test_all_endpoints_checked_for_auth" time="0.019" /><testcase classname="tests.security.test_authorization.TestAuthorizationEnforcement" name="test_authenticated_access_allowed" time="0.009" /><testcase classname="tests.security.test_authorization.TestAuthorizationEnforcement" name="test_invalid_api_key_rejected" time="0.007" /><testcase classname="tests.security.test_authorization.TestAuthorizationEnforcement" name="test_similar_public_path_not_allowed" time="0.007" /><testcase classname="tests.security.test_authorization.TestInputValidation" name="test_numeric_overflow_prevention" time="0.008" /><testcase classname="tests.security.test_authorization.TestInputValidation" name="test_negative_values_handled" time="0.009" /><testcase classname="tests.security.test_authorization.TestInputValidation" name="test_excessive_grid_size_limited" time="0.010" /><testcase classname="tests.security.test_authorization.TestRequestHeaderSecurity" name="test_request_id_returned" time="0.007" /><testcase classname="tests.security.test_authorization.TestRequestHeaderSecurity" name="test_custom_request_id_propagated" time="0.007" /><testcase classname="tests.security.test_authorization.TestSecurityHeaders" name="test_rate_limit_headers_present" time="0.008" /><testcase classname="tests.security.test_authorization.TestAPISecurityCompliance" name="test_no_sensitive_data_in_error_responses" time="0.007" /><testcase classname="tests.security.test_authorization.TestAPISecurityCompliance" name="test_public_endpoints_accessible" time="0.015" /><testcase classname="tests.security.test_encryption.TestGenerateKey" name="test_generate_key_length" time="0.001" /><testcase classname="tests.security.test_encryption.TestGenerateKey" name="test_generate_key_random" time="0.001" /><testcase classname="tests.security.test_encryption.TestGenerateKey" name="test_generate_key_bytes" time="0.001" /><testcase classname="tests.security.test_encryption.TestEncryptDecrypt" name="test_encrypt_decrypt_string" time="0.001" /><testcase classname="tests.security.test_encryption.TestEncryptDecrypt" name="test_encrypt_decrypt_bytes" time="0.001" /><testcase classname="tests.security.test_encryption.TestEncryptDecrypt" name="test_encrypt_decrypt_unicode" time="0.001" /><testcase classname="tests.security.test_encryption.TestEncryptDecrypt" name="test_encrypt_produces_different_ciphertext" time="0.001" /><testcase classname="tests.security.test_encryption.TestEncryptDecrypt" name="test_encrypt_decrypt_with_aad" time="0.002" /><testcase classname="tests.security.test_encryption.TestEncryptDecrypt" name="test_ciphertext_is_base64" time="0.001" /><testcase classname="tests.security.test_encryption.TestEncryptDecrypt" name="test_decrypt_wrong_key_fails" time="0.001" /><testcase classname="tests.security.test_encryption.TestEncryptDecrypt" name="test_decrypt_tampered_data_fails" time="0.001" /><testcase classname="tests.security.test_encryption.TestEncryptDecrypt" name="test_decrypt_invalid_base64_fails" time="0.001" /><testcase classname="tests.security.test_encryption.TestEncryptDecrypt" name="test_decrypt_short_data_fails" time="0.001" /><testcase classname="tests.security.test_encryption.TestEncryptDecrypt" name="test_empty_string_encryption" time="0.001" /><testcase classname="tests.security.test_encryption.TestEncryptDecrypt" name="test_encrypt_rejects_short_key" time="0.001" /><testcase classname="tests.security.test_encryption.TestEncryptDecrypt" name="test_encrypt_rejects_wrong_key_type" time="0.001" /><testcase classname="tests.security.test_encryption.TestDataEncryptor" name="test_encryptor_auto_key" time="0.001" /><testcase classname="tests.security.test_encryption.TestDataEncryptor" name="test_encryptor_custom_key" time="0.001" /><testcase classname="tests.security.test_encryption.TestDataEncryptor" name="test_encryptor_encrypt_decrypt" time="0.001" /><testcase classname="tests.security.test_encryption.TestDataEncryptor" name="test_encryptor_cross_instance" time="0.001" /><testcase classname="tests.security.test_encryption.TestDataEncryptor" name="test_encryptor_rejects_short_custom_key" time="0.001" /><testcase classname="tests.security.test_input_validation.TestSQLInjectionDetection" name="test_detect_sql_injection_malicious[SELECT * FROM users]" time="0.001" /><testcase classname="tests.security.test_input_validation.TestSQLInjectionDetection" name="test_detect_sql_injection_malicious[1; DROP TABLE users--]" time="0.001" /><testcase classname="tests.security.test_input_validation.TestSQLInjectionDetection" name="test_detect_sql_injection_malicious[' OR '1'='1]" time="0.001" /><testcase classname="tests.security.test_input_validation.TestSQLInjectionDetection" name="test_detect_sql_injection_malicious[admin'--]" time="0.001" /><testcase classname="tests.security.test_input_validation.TestSQLInjectionDetection" name="test_detect_sql_injection_malicious[1 UNION SELECT password FROM users]" time="0.001" /><testcase classname="tests.security.test_input_validation.TestSQLInjectionDetection" name="test_detect_sql_injection_malicious[INSERT INTO users VALUES ('hacked')]" time="0.001" /><testcase classname="tests.security.test_input_validation.TestSQLInjectionDetection" name="test_detect_sql_injection_malicious[DELETE FROM accounts WHERE id=1]" time="0.001" /><testcase classname="tests.security.test_input_validation.TestSQLInjectionDetection" name="test_detect_sql_injection_malicious[1 OR 1=1]" time="0.001" /><testcase classname="tests.security.test_input_validation.TestSQLInjectionDetection" name="test_detect_sql_injection_malicious[1 AND 1=1]" time="0.001" /><testcase classname="tests.security.test_input_validation.TestSQLInjectionDetection" name="test_detect_sql_injection_malicious[@@version]" time="0.001" /><testcase classname="tests.security.test_input_validation.TestSQLInjectionDetection" name="test_detect_sql_injection_malicious[/* comment */]" time="0.001" /><testcase classname="tests.security.test_input_validation.TestSQLInjectionDetection" name="test_detect_sql_injection_safe[normal user input]" time="0.001" /><testcase classname="tests.security.test_input_validation.TestSQLInjectionDetection" name="test_detect_sql_injection_safe[my password is secret]" time="0.001" /><testcase classname="tests.security.test_input_validation.TestSQLInjectionDetection" name="test_detect_sql_injection_safe[grid_size: 64]" time="0.001" /><testcase classname="tests.security.test_input_validation.TestSQLInjectionDetection" name="test_detect_sql_injection_safe[Hello, World!]" time="0.001" /><testcase classname="tests.security.test_input_validation.TestSQLInjectionDetection" name="test_detect_sql_injection_safe[2024-01-01]" time="0.001" /><testcase classname="tests.security.test_input_validation.TestSQLInjectionDetection" name="test_detect_sql_injection_safe[127.0.0.1]" time="0.001" /><testcase classname="tests.security.test_input_validation.TestSQLInjectionDetection" name="test_detect_sql_injection_safe[temperature_k: 310.0]" time="0.001" /><testcase classname="tests.security.test_input_validation.TestXSSDetection" name="test_detect_xss_malicious[&lt;script&gt;alert('xss')&lt;/script&gt;]" time="0.001" /><testcase classname="tests.security.test_input_validation.TestXSSDetection" name="test_detect_xss_malicious[&lt;SCRIPT&gt;document.cookie&lt;/SCRIPT&gt;]" time="0.001" /><testcase classname="tests.security.test_input_validation.TestXSSDetection" name="test_detect_xss_malicious[javascript:alert(1)]" time="0.001" /><testcase classname="tests.security.test_input_validation.TestXSSDetection" name="test_detect_xss_malicious[&lt;img onerror=alert(1) src=x&gt;]" time="0.001" /><testcase classname="tests.security.test_input_validation.TestXSSDetection" name="test_detect_xss_malicious[&lt;iframe src='evil.com'&gt;]" time="0.001" /><testcase classname="tests.security.test_input_validation.TestXSSDetection" name="test_detect_xss_malicious[&lt;div onclick=evil()&gt;click&lt;/div&gt;]" time="0.001" /><testcase classname="tests.security.test_input_validation.TestXSSDetection" name="test_detect_xss_malicious[&lt;body onload=alert('xss')&gt;]" time="0.001" /><testcase classname="tests.security.test_input_validation.TestXSSDetection" name="test_detect_xss_malicious[&lt;input onfocus=alert(1) autofocus&gt;]" time="0.001" /><testcase classname="tests.security.test_input_validation.TestXSSDetection" name="test_detect_xss_safe[normal text]" time="0.001" /><testcase classname="tests.security.test_input_validation.TestXSSDetection" name="test_detect_xss_safe[Hello &lt;name&gt;]" time="0.001" /><testcase classname="tests.security.test_input_validation.TestXSSDetection" name="test_detect_xss_safe[price is $100]" time="0.001" /><testcase classname="tests.security.test_input_validation.TestXSSDetection" name="test_detect_xss_safe[2 + 2 = 4]" time="0.001" /><testcase classname="tests.security.test_input_validation.TestXSSDetection" name="test_detect_xss_safe[https://example.com]" time="0.001" /><testcase classname="tests.security.test_input_validation.TestXSSDetection" name="test_detect_xss_safe[email@example.com]" time="0.001" /><testcase classname="tests.security.test_input_validation.TestSanitizeString" name="test_sanitize_html_entities" time="0.001" /><testcase classname="tests.security.test_input_validation.TestSanitizeString" name="test_sanitize_strip_whitespace" time="0.001" /><testcase classname="tests.security.test_input_validation.TestSanitizeString" name="test_sanitize_max_length" time="0.001" /><testcase classname="tests.security.test_input_validation.TestSanitizeString" name="test_sanitize_preserve_whitespace" time="0.001" /><testcase classname="tests.security.test_input_validation.TestSanitizeString" name="test_sanitize_allow_html" time="0.001" /><testcase classname="tests.security.test_input_validation.TestValidateNumericRange" name="test_validate_within_range" time="0.001" /><testcase classname="tests.security.test_input_validation.TestValidateNumericRange" name="test_validate_at_boundaries" time="0.001" /><testcase classname="tests.security.test_input_validation.TestValidateNumericRange" name="test_validate_below_minimum" time="0.001" /><testcase classname="tests.security.test_input_validation.TestValidateNumericRange" name="test_validate_above_maximum" time="0.001" /><testcase classname="tests.security.test_input_validation.TestValidateNumericRange" name="test_validate_no_minimum" time="0.001" /><testcase classname="tests.security.test_input_validation.TestValidateNumericRange" name="test_validate_no_maximum" time="0.001" /><testcase classname="tests.security.test_input_validation.TestValidateNumericRange" name="test_validate_float" time="0.001" /><testcase classname="tests.security.test_input_validation.TestValidateAPIKeyFormat" name="test_validate_valid_keys[abcdefghij1234567890]" time="0.001" /><testcase classname="tests.security.test_input_validation.TestValidateAPIKeyFormat" name="test_validate_valid_keys[api-key-valid-format-123]" time="0.001" /><testcase classname="tests.security.test_input_validation.TestValidateAPIKeyFormat" name="test_validate_valid_keys[API_KEY_VALID_FORMAT_123]" time="0.001" /><testcase classname="tests.security.test_input_validation.TestValidateAPIKeyFormat" name="test_validate_valid_keys[aaaaaaaaaaaaaaaaaaaaaaaaaaaaaaaaaaaaaaaaaaaaaaaaaaaaaaaaaaaaaaaa]" time="0.001" /><testcase classname="tests.security.test_input_validation.TestValidateAPIKeyFormat" name="test_validate_valid_keys[test-api-key-12345678901234]" time="0.001" /><testcase classname="tests.security.test_input_validation.TestValidateAPIKeyFormat" name="test_validate_invalid_keys[short]" time="0.001" /><testcase classname="tests.security.test_input_validation.TestValidateAPIKeyFormat" name="test_validate_invalid_keys[aaaaaaaaaaaaaaaaaaa]" time="0.001" /><testcase classname="tests.security.test_input_validation.TestValidateAPIKeyFormat" name="test_validate_invalid_keys[aaaaaaaaaaaaaaaaaaaaaaaaaaaaaaaaaaaaaaaaaaaaaaaaaaaaaaaaaaaaaaaaa]" time="0.001" /><testcase classname="tests.security.test_input_validation.TestValidateAPIKeyFormat" name="test_validate_invalid_keys[key with spaces]" time="0.001" /><testcase classname="tests.security.test_input_validation.TestValidateAPIKeyFormat" name="test_validate_invalid_keys[key@special#chars]" time="0.001" /><testcase classname="tests.security.test_input_validation.TestValidateAPIKeyFormat" name="test_validate_invalid_keys[]" time="0.001" /><testcase classname="tests.security.test_input_validation.TestValidateAPIKeyFormat" name="test_validate_invalid_keys[key\nwith\nnewlines]" time="0.001" /><testcase classname="tests.security.test_input_validation.TestInputValidator" name="test_validate_string_basic" time="0.001" /><testcase classname="tests.security.test_input_validation.TestInputValidator" name="test_validate_string_empty" time="0.001" /><testcase classname="tests.security.test_input_validation.TestInputValidator" name="test_validate_string_empty_allowed" time="0.001" /><testcase classname="tests.security.test_input_validation.TestInputValidator" name="test_validate_string_sql_injection" time="0.002" /><testcase classname="tests.security.test_input_validation.TestInputValidator" name="test_validate_string_xss" time="0.002" /><testcase classname="tests.security.test_input_validation.TestInputValidator" name="test_validate_string_max_length" time="0.002" /><testcase classname="tests.security.test_input_validation.TestInputValidator" name="test_validate_string_sanitizes" time="0.001" /><testcase classname="tests.security.test_input_validation.TestInputValidator" name="test_validate_integer" time="0.001" /><testcase classname="tests.security.test_input_validation.TestInputValidator" name="test_validate_float" time="0.001" /><testcase classname="tests.security.test_input_validation.TestInputValidator" name="test_validate_api_key" time="0.001" /><testcase classname="tests.security.test_input_validation.TestInputValidator" name="test_validate_api_key_invalid" time="0.001" /><testcase classname="tests.security.test_input_validation.TestInputValidator" name="test_validate_request_body" time="0.001" /><testcase classname="tests.security.test_input_validation.TestInputValidator" name="test_validate_request_body_missing_required" time="0.001" /><testcase classname="tests.security.test_input_validation.TestSecurityCompliance" name="test_owasp_injection_prevention" time="0.001" /><testcase classname="tests.security.test_input_validation.TestSecurityCompliance" name="test_input_length_limits" time="0.001" /><testcase classname="tests.security.test_input_validation.TestSecurityCompliance" name="test_sanitization_removes_dangerous_content" time="0.001" /><testcase classname="tests.security.test_iterations.TestSecurityIterationConstants" name="test_base_iterations_value" time="0.001" /><testcase classname="tests.security.test_iterations.TestSecurityIterationConstants" name="test_enhanced_iterations_value" time="0.001" /><testcase classname="tests.security.test_iterations.TestSecurityIterationConstants" name="test_high_security_iterations_value" time="0.001" /><testcase classname="tests.security.test_iterations.TestSecurityIterationConstants" name="test_maximum_iterations_value" time="0.001" /><testcase classname="tests.security.test_iterations.TestSecurityIterationConstants" name="test_quantum_resistant_iterations_value" time="0.001" /><testcase classname="tests.security.test_iterations.TestSecurityIterationConstants" name="test_adaptive_range" time="0.001" /><testcase classname="tests.security.test_iterations.TestSecurityIterationConstants" name="test_iteration_ordering" time="0.001" /><testcase classname="tests.security.test_iterations.TestSecurityIterationConstants" name="test_six_iteration_levels" time="0.001" /><testcase classname="tests.security.test_iterations.TestSecurityLevel" name="test_all_levels_defined" time="0.001" /><testcase classname="tests.security.test_iterations.TestSecurityLevel" name="test_level_values" time="0.001" /><testcase classname="tests.security.test_iterations.TestSecurityIterationConfig" name="test_default_config" time="0.001" /><testcase classname="tests.security.test_iterations.TestSecurityIterationConfig" name="test_get_iterations_base" time="0.001" /><testcase classname="tests.security.test_iterations.TestSecurityIterationConfig" name="test_get_iterations_enhanced" time="0.001" /><testcase classname="tests.security.test_iterations.TestSecurityIterationConfig" name="test_get_iterations_high" time="0.001" /><testcase classname="tests.security.test_iterations.TestSecurityIterationConfig" name="test_get_iterations_maximum" time="0.001" /><testcase classname="tests.security.test_iterations.TestSecurityIterationConfig" name="test_get_iterations_quantum_resistant" time="0.001" /><testcase classname="tests.security.test_iterations.TestSecurityIterationConfig" name="test_get_iterations_adaptive" time="0.001" /><testcase classname="tests.security.test_iterations.TestSecurityIterationConfig" name="test_custom_config" time="0.001" /><testcase classname="tests.security.test_iterations.TestSecurityIterationConfig" name="test_validation_base_too_low" time="0.002" /><testcase classname="tests.security.test_iterations.TestSecurityIterationConfig" name="test_validation_enhanced_below_base" time="0.002" /><testcase classname="tests.security.test_iterations.TestSecurityIterationConfig" name="test_validation_high_below_enhanced" time="0.002" /><testcase classname="tests.security.test_iterations.TestSecurityIterationConfig" name="test_to_dict" time="0.001" /><testcase classname="tests.security.test_iterations.TestSecurityIterationConfig" name="test_iteration_history" time="0.001" /><testcase classname="tests.security.test_iterations.TestSecurityIterationConfig" name="test_update_iterations" time="0.001" /><testcase classname="tests.security.test_iterations.TestSecurityIterationConfig" name="test_adaptive_iterations_respect_sensitivity" time="0.001" /><testcase classname="tests.security.test_iterations.TestGetIterationCount" name="test_default_level" time="0.001" /><testcase classname="tests.security.test_iterations.TestGetIterationCount" name="test_specific_level" time="0.001" /><testcase classname="tests.security.test_iterations.TestGetIterationCount" name="test_adaptive_level_respects_sensitivity" time="0.001" /><testcase classname="tests.security.test_iterations.TestValidateIterationCount" name="test_valid_count" time="0.001" /><testcase classname="tests.security.test_iterations.TestValidateIterationCount" name="test_invalid_count" time="0.001" /><testcase classname="tests.security.test_iterations.TestValidateIterationCount" name="test_custom_minimum" time="0.001" /><testcase classname="tests.security.test_iterations.TestGlobalConfig" name="test_get_security_iteration_config_singleton" time="0.001" /><testcase classname="tests.security.test_iterations.TestGlobalConfig" name="test_reset_creates_new_instance" time="0.001" /><testcase classname="tests.security.test_secrets_manager" name="test_secrets_backend_from_env_invalid" time="0.002" /><testcase classname="tests.security.test_secrets_manager" name="test_env_backend_reads_direct_env" time="0.001" /><testcase classname="tests.security.test_secrets_manager" name="test_env_backend_reads_from_file_env" time="0.002" /><testcase classname="tests.security.test_secrets_manager" name="test_env_backend_reads_from_shared_file_mapping" time="0.001" /><testcase classname="tests.security.test_secrets_manager" name="test_env_backend_missing_required_secret_raises" time="0.002" /><testcase classname="tests.security.test_secrets_manager" name="test_file_backend_requires_file_path" time="0.002" /><testcase classname="tests.security.test_secrets_manager" name="test_file_backend_reads_env_format" time="0.001" /><testcase classname="tests.security.test_secrets_manager" name="test_get_list_parses_json_array" time="0.001" /><testcase classname="tests.security.test_secrets_manager" name="test_get_list_parses_lines_and_commas" time="0.001" /><testcase classname="tests.security.test_secrets_manager" name="test_get_list_invalid_json_raises" time="0.002" /><testcase classname="tests.smoke.test_basic_constructs.TestSimulationConfig" name="test_default_construction" time="0.001" /><testcase classname="tests.smoke.test_basic_constructs.TestSimulationConfig" name="test_custom_parameters" time="0.001" /><testcase classname="tests.smoke.test_basic_constructs.TestSimulationConfig" name="test_invalid_alpha_raises" time="0.001" /><testcase classname="tests.smoke.test_basic_constructs.TestSimulationConfig" name="test_has_expected_fields" time="0.001" /><testcase classname="tests.smoke.test_basic_constructs.TestSimulationResult" name="test_minimal_construction" time="0.001" /><testcase classname="tests.smoke.test_basic_constructs.TestSimulationResult" name="test_full_construction" time="0.001" /><testcase classname="tests.smoke.test_basic_constructs.TestSimulationResult" name="test_grid_size_property" time="0.001" /><testcase classname="tests.smoke.test_basic_constructs.TestSimulationResult" name="test_has_history_property" time="0.001" /><testcase classname="tests.smoke.test_basic_constructs.TestSimulationResult" name="test_invalid_field_shape_raises" time="0.001" /><testcase classname="tests.smoke.test_basic_constructs.TestMyceliumField" name="test_construction" time="0.001" /><testcase classname="tests.smoke.test_basic_constructs.TestMyceliumField" name="test_field_shape" time="0.001" /><testcase classname="tests.smoke.test_basic_constructs.TestMyceliumField" name="test_initial_field_values" time="0.001" /><testcase classname="tests.smoke.test_basic_constructs.TestMyceliumField" name="test_reset" time="0.001" /><testcase classname="tests.smoke.test_basic_constructs.TestMyceliumField" name="test_reset_reseeds_rng" time="0.001" /><testcase classname="tests.smoke.test_basic_constructs.TestMyceliumField" name="test_get_state_returns_copy" time="0.001" /><testcase classname="tests.smoke.test_basic_constructs.TestMyceliumField" name="test_config_property" time="0.001" /><testcase classname="tests.smoke.test_basic_constructs.TestMyceliumField" name="test_invalid_config_type_raises" time="0.001" /><testcase classname="tests.smoke.test_basic_constructs.TestFeatureVector" name="test_type_is_array" time="0.001" /><testcase classname="tests.smoke.test_imports" name="test_package_import" time="0.001" /><testcase classname="tests.smoke.test_imports" name="test_package_version" time="0.001" /><testcase classname="tests.smoke.test_imports" name="test_simulation_types_import" time="0.001" /><testcase classname="tests.smoke.test_imports" name="test_all_exports" time="0.001" /><testcase classname="tests.smoke.test_imports" name="test_submodules_exist" time="0.001" /><testcase classname="tests.test_analytics.test_fractal_features.TestFeatureConfig" name="test_default_config_valid" time="0.001" /><testcase classname="tests.test_analytics.test_fractal_features.TestFeatureConfig" name="test_invalid_min_box_size" time="0.001" /><testcase classname="tests.test_analytics.test_fractal_features.TestFeatureConfig" name="test_invalid_num_scales" time="0.001" /><testcase classname="tests.test_analytics.test_fractal_features.TestFeatureConfig" name="test_invalid_connectivity" time="0.001" /><testcase classname="tests.test_analytics.test_fractal_features.TestFeatureVector" name="test_feature_count" time="0.001" /><testcase classname="tests.test_analytics.test_fractal_features.TestFeatureVector" name="test_feature_names" time="0.001" /><testcase classname="tests.test_analytics.test_fractal_features.TestFeatureVector" name="test_to_dict" time="0.001" /><testcase classname="tests.test_analytics.test_fractal_features.TestFeatureVector" name="test_to_array" time="0.001" /><testcase classname="tests.test_analytics.test_fractal_features.TestFeatureVector" name="test_from_array" time="0.001" /><testcase classname="tests.test_analytics.test_fractal_features.TestFeatureVector" name="test_from_array_wrong_size" time="0.001" /><testcase classname="tests.test_analytics.test_fractal_features.TestBoxCountingDimension" name="test_full_field" time="0.001" /><testcase classname="tests.test_analytics.test_fractal_features.TestBoxCountingDimension" name="test_empty_field" time="0.001" /><testcase classname="tests.test_analytics.test_fractal_features.TestBoxCountingDimension" name="test_line" time="0.001" /><testcase classname="tests.test_analytics.test_fractal_features.TestBoxCountingDimension" name="test_diagonal" time="0.001" /><testcase classname="tests.test_analytics.test_fractal_features.TestBoxCountingDimension" name="test_random_pattern" time="0.001" /><testcase classname="tests.test_analytics.test_fractal_features.TestBoxCountingDimension" name="test_non_square_raises" time="0.001" /><testcase classname="tests.test_analytics.test_fractal_features.TestBasicStats" name="test_constant_field" time="0.001" /><testcase classname="tests.test_analytics.test_fractal_features.TestBasicStats" name="test_normal_distribution" time="0.001" /><testcase classname="tests.test_analytics.test_fractal_features.TestBasicStats" name="test_units_in_mv" time="0.001" /><testcase classname="tests.test_analytics.test_fractal_features.TestTemporalFeatures" name="test_single_frame" time="0.001" /><testcase classname="tests.test_analytics.test_fractal_features.TestTemporalFeatures" name="test_stable_field" time="0.003" /><testcase classname="tests.test_analytics.test_fractal_features.TestTemporalFeatures" name="test_changing_field" time="0.002" /><testcase classname="tests.test_analytics.test_fractal_features.TestTemporalFeatures" name="test_short_history_without_stability_window" time="0.001" /><testcase classname="tests.test_analytics.test_fractal_features.TestTemporalFeatures" name="test_history_exactly_at_stability_window" time="0.001" /><testcase classname="tests.test_analytics.test_fractal_features.TestStructuralFeatures" name="test_single_cluster" time="0.004" /><testcase classname="tests.test_analytics.test_fractal_features.TestStructuralFeatures" name="test_multiple_clusters" time="0.003" /><testcase classname="tests.test_analytics.test_fractal_features.TestStructuralFeatures" name="test_empty_field" time="0.002" /><testcase classname="tests.test_analytics.test_fractal_features.TestClusterCounting" name="test_single_cell" time="0.001" /><testcase classname="tests.test_analytics.test_fractal_features.TestClusterCounting" name="test_diagonal_not_connected_4conn" time="0.001" /><testcase classname="tests.test_analytics.test_fractal_features.TestClusterCounting" name="test_horizontal_line" time="0.001" /><testcase classname="tests.test_analytics.test_fractal_features" name="test_fractal_features_property_finite" time="0.175" /><testcase classname="tests.test_analytics.test_fractal_features.TestComputeFeatures" name="test_single_snapshot" time="0.004" /><testcase classname="tests.test_analytics.test_fractal_features.TestComputeFeatures" name="test_history_input" time="0.005" /><testcase classname="tests.test_analytics.test_fractal_features.TestComputeFeatures" name="test_invalid_shape_raises" time="0.001" /><testcase classname="tests.test_analytics.test_fractal_features.TestComputeFeatures" name="test_custom_config" time="0.016" /><testcase classname="tests.test_analytics.test_fractal_features.TestDeterminism" name="test_same_input_same_output" time="0.006" /><testcase classname="tests.test_analytics.test_fractal_features.TestDeterminism" name="test_different_seeds_different_features" time="0.006" /><testcase classname="tests.test_analytics.test_fractal_features.TestFeatureRanges" name="test_valid_features" time="0.001" /><testcase classname="tests.test_analytics.test_fractal_features.TestFeatureRanges" name="test_d_box_out_of_range" time="0.001" /><testcase classname="tests.test_analytics.test_fractal_features.TestFeatureRanges" name="test_biological_range" time="0.001" /><testcase classname="tests.test_analytics.test_fractal_features.TestFeatureRanges" name="test_nan_detection" time="0.001" /><testcase classname="tests.test_analytics.test_fractal_features.TestFeatureRanges" name="test_inf_detection" time="0.001" /><testcase classname="tests.test_analytics.test_fractal_features.TestSensitivity" name="test_fractal_dim_changes_with_threshold" time="0.002" /><testcase classname="tests.test_analytics.test_fractal_features.TestSensitivity" name="test_cluster_count_changes_with_threshold" time="0.008" /><testcase classname="tests.test_analytics.test_fractal_features.TestStabilitySmoke" name="test_many_random_fields" time="0.165" /><testcase classname="tests.test_analytics.test_fractal_features.TestStabilitySmoke" name="test_extreme_values" time="0.016" /><testcase classname="tests.test_analytics.test_fractal_features.TestStabilitySmoke" name="test_small_grid" time="0.002" /><testcase classname="tests.test_analytics.test_fractal_features.TestStabilitySmoke" name="test_large_history" time="0.012" /><testcase classname="tests.test_api_config" name="test_metrics_public_by_default" time="0.001" /><testcase classname="tests.test_api_config" name="test_metrics_can_be_protected" time="0.001" /><testcase classname="tests.test_api_config" name="test_metrics_endpoint_can_be_customized" time="0.001" /><testcase classname="tests.test_api_config" name="test_auth_required_without_keys_raises" time="0.001" /><testcase classname="tests.test_api_config" name="test_rate_limit_invalid_requests_raises" time="0.001" /><testcase classname="tests.test_api_config" name="test_rate_limit_invalid_window_raises" time="0.001" /><testcase classname="tests.test_biophysics_core.TestNernstPotential" name="test_potassium_physiological" time="0.001" /><testcase classname="tests.test_biophysics_core.TestNernstPotential" name="test_sodium_physiological" time="0.001" /><testcase classname="tests.test_biophysics_core.TestNernstPotential" name="test_calcium_physiological" time="0.001" /><testcase classname="tests.test_biophysics_core.TestNernstPotential" name="test_chloride_physiological" time="0.001" /><testcase classname="tests.test_biophysics_core.TestNernstPotential" name="test_nernst_temperature_scaling" time="0.001" /><testcase classname="tests.test_biophysics_core.TestNernstPotential" name="test_nernst_valence_scaling" time="0.001" /><testcase classname="tests.test_biophysics_core.TestNernstPotential" name="test_nernst_equation_properties" time="0.434" /><testcase classname="tests.test_biophysics_core.TestNernstPotential" name="test_nernst_rtfz_consistency" time="0.023" /><testcase classname="tests.test_biophysics_core.TestNernstPotential" name="test_nernst_rtfz_at_body_temp" time="0.001" /><testcase classname="tests.test_biophysics_core.TestNernstEdgeCases" name="test_ion_clamp_very_small_concentration" time="0.001" /><testcase classname="tests.test_biophysics_core.TestNernstEdgeCases" name="test_ion_clamp_zero_concentration" time="0.001" /><testcase classname="tests.test_biophysics_core.TestNernstEdgeCases" name="test_equal_concentrations" time="0.001" /><testcase classname="tests.test_biophysics_core.TestNernstEdgeCases" name="test_high_valence_ions" time="0.001" /><testcase classname="tests.test_biophysics_core.TestFieldSimulationStability" name="test_field_potential_range_short_simulation" time="0.012" /><testcase classname="tests.test_biophysics_core.TestFieldSimulationStability" name="test_field_stability_long_simulation" time="0.236" /><testcase classname="tests.test_biophysics_core.TestFieldSimulationStability" name="test_field_determinism_with_seed" time="0.044" /><testcase classname="tests.test_biophysics_core.TestFieldSimulationStability" name="test_turing_morphogenesis_threshold" time="0.001" /><testcase classname="tests.test_biophysics_core.TestFieldSimulationStability" name="test_quantum_jitter_variance" time="0.024" /><testcase classname="tests.test_biophysics_core.TestFractalDimension" name="test_fractal_dimension_range" time="0.001" /><testcase classname="tests.test_biophysics_core.TestFractalDimension" name="test_fractal_dimension_empty_field" time="0.001" /><testcase classname="tests.test_biophysics_core.TestFractalDimension" name="test_fractal_dimension_full_field" time="0.001" /><testcase classname="tests.test_biophysics_core.TestFractalDimension" name="test_fractal_dimension_from_simulation" time="0.027" /><testcase classname="tests.test_biophysics_core.TestNetworkNumericalStability" name="test_model_stability_1000_steps" time="0.385" /><testcase classname="tests.test_biophysics_core.TestNetworkNumericalStability" name="test_model_gradient_stability" time="0.218" /><testcase classname="tests.test_biophysics_core.TestNetworkNumericalStability" name="test_model_with_extreme_inputs" time="0.003" /><testcase classname="tests.test_biophysics_core.TestNetworkNumericalStability" name="test_model_with_zero_input" time="0.002" /><testcase classname="tests.test_biophysics_core.TestBatchProcessing" name="test_various_batch_sizes[1]" time="0.002" /><testcase classname="tests.test_biophysics_core.TestBatchProcessing" name="test_various_batch_sizes[4]" time="0.002" /><testcase classname="tests.test_biophysics_core.TestBatchProcessing" name="test_various_batch_sizes[16]" time="0.002" /><testcase classname="tests.test_biophysics_core.TestBatchProcessing" name="test_various_batch_sizes[64]" time="0.002" /><testcase classname="tests.test_biophysics_core.TestBatchProcessing" name="test_various_batch_sizes[128]" time="0.003" /><testcase classname="tests.test_biophysics_core.TestBatchProcessing" name="test_various_input_dims[2]" time="0.002" /><testcase classname="tests.test_biophysics_core.TestBatchProcessing" name="test_various_input_dims[4]" time="0.002" /><testcase classname="tests.test_biophysics_core.TestBatchProcessing" name="test_various_input_dims[8]" time="0.002" /><testcase classname="tests.test_biophysics_core.TestBatchProcessing" name="test_various_input_dims[16]" time="0.002" /><testcase classname="tests.test_biophysics_core.TestBatchProcessing" name="test_various_input_dims[32]" time="0.002" /><testcase classname="tests.test_biophysics_core.TestPhysicsConstants" name="test_gas_constant" time="0.001" /><testcase classname="tests.test_biophysics_core.TestPhysicsConstants" name="test_faraday_constant" time="0.001" /><testcase classname="tests.test_biophysics_core.TestPhysicsConstants" name="test_body_temperature" time="0.001" /><testcase classname="tests.test_config_profiles" name="test_load_and_validate_builtin_profile" time="0.001" /><testcase classname="tests.test_config_profiles" name="test_environment_override_applied" time="0.001" /><testcase classname="tests.test_config_profiles" name="test_invalid_profile_rejected" time="0.002" /><testcase classname="tests.test_config_profiles" name="test_apply_overrides_parses_values[validation.seed=99-99]" time="0.001" /><testcase classname="tests.test_config_profiles" name="test_apply_overrides_parses_values[validation.device=gpu-gpu]" time="0.001" /><testcase classname="tests.test_config_profiles" name="test_apply_overrides_parses_values[simulation.turing_threshold=0.9-0.9]" time="0.001" /><testcase classname="tests.test_config_validation.TestSimulationConfigValidation" name="test_valid_minimal_config" time="0.001" /><testcase classname="tests.test_config_validation.TestSimulationConfigValidation" name="test_valid_maximal_config" time="0.001" /><testcase classname="tests.test_config_validation.TestSimulationConfigValidation" name="test_grid_size_below_minimum" time="0.002" /><testcase classname="tests.test_config_validation.TestSimulationConfigValidation" name="test_grid_size_above_maximum" time="0.001" /><testcase classname="tests.test_config_validation.TestSimulationConfigValidation" name="test_steps_below_minimum" time="0.001" /><testcase classname="tests.test_config_validation.TestSimulationConfigValidation" name="test_steps_above_maximum" time="0.001" /><testcase classname="tests.test_config_validation.TestSimulationConfigValidation" name="test_alpha_at_boundary_valid" time="0.001" /><testcase classname="tests.test_config_validation.TestSimulationConfigValidation" name="test_alpha_above_cfl_limit" time="0.001" /><testcase classname="tests.test_config_validation.TestSimulationConfigValidation" name="test_alpha_zero_invalid" time="0.001" /><testcase classname="tests.test_config_validation.TestSimulationConfigValidation" name="test_spike_probability_boundaries" time="0.001" /><testcase classname="tests.test_config_validation.TestSimulationConfigValidation" name="test_spike_probability_invalid" time="0.001" /><testcase classname="tests.test_config_validation.TestSimulationConfigValidation" name="test_turing_threshold_boundaries" time="0.001" /><testcase classname="tests.test_config_validation.TestSimulationConfigValidation" name="test_turing_threshold_invalid" time="0.001" /><testcase classname="tests.test_config_validation.TestSimulationConfigValidation" name="test_jitter_var_negative_invalid" time="0.001" /><testcase classname="tests.test_config_validation.TestSimulationConfigValidation" name="test_jitter_var_zero_valid" time="0.001" /><testcase classname="tests.test_config_validation.TestSimulationConfigValidation" name="test_seed_none_valid" time="0.001" /><testcase classname="tests.test_config_validation.TestSimulationConfigValidation" name="test_wrong_type_raises_error" time="0.001" /><testcase classname="tests.test_config_validation.TestFeatureConfigValidation" name="test_valid_default_config" time="0.001" /><testcase classname="tests.test_config_validation.TestFeatureConfigValidation" name="test_min_box_size_boundary" time="0.001" /><testcase classname="tests.test_config_validation.TestFeatureConfigValidation" name="test_min_box_size_invalid" time="0.001" /><testcase classname="tests.test_config_validation.TestFeatureConfigValidation" name="test_max_box_size_valid" time="0.001" /><testcase classname="tests.test_config_validation.TestFeatureConfigValidation" name="test_max_box_size_less_than_min_invalid" time="0.001" /><testcase classname="tests.test_config_validation.TestFeatureConfigValidation" name="test_num_scales_boundaries" time="0.001" /><testcase classname="tests.test_config_validation.TestFeatureConfigValidation" name="test_num_scales_invalid" time="0.001" /><testcase classname="tests.test_config_validation.TestFeatureConfigValidation" name="test_threshold_order_validation" time="0.001" /><testcase classname="tests.test_config_validation.TestFeatureConfigValidation" name="test_threshold_order_invalid_low_med" time="0.002" /><testcase classname="tests.test_config_validation.TestFeatureConfigValidation" name="test_threshold_order_invalid_med_high" time="0.002" /><testcase classname="tests.test_config_validation.TestFeatureConfigValidation" name="test_from_dict_preserves_invalid_values_for_validation" time="0.001" /><testcase classname="tests.test_config_validation.TestFeatureConfigValidation" name="test_connectivity_valid_values" time="0.001" /><testcase classname="tests.test_config_validation.TestFeatureConfigValidation" name="test_connectivity_invalid" time="0.001" /><testcase classname="tests.test_config_validation.TestFeatureConfigValidation" name="test_stability_window_invalid" time="0.001" /><testcase classname="tests.test_config_validation.TestFeatureConfigValidation" name="test_stability_threshold_negative_invalid" time="0.002" /><testcase classname="tests.test_config_validation.TestFeatureConfigValidation" name="test_to_dict_and_from_dict_roundtrip" time="0.001" /><testcase classname="tests.test_config_validation.TestDatasetConfigValidation" name="test_valid_default_config" time="0.001" /><testcase classname="tests.test_config_validation.TestDatasetConfigValidation" name="test_num_samples_boundaries" time="0.001" /><testcase classname="tests.test_config_validation.TestDatasetConfigValidation" name="test_num_samples_invalid" time="0.001" /><testcase classname="tests.test_config_validation.TestDatasetConfigValidation" name="test_num_samples_invalid_from_dict" time="0.001" /><testcase classname="tests.test_config_validation.TestDatasetConfigValidation" name="test_grid_sizes_empty_invalid" time="0.002" /><testcase classname="tests.test_config_validation.TestDatasetConfigValidation" name="test_grid_sizes_empty_invalid_from_dict" time="0.001" /><testcase classname="tests.test_config_validation.TestDatasetConfigValidation" name="test_grid_sizes_out_of_range" time="0.001" /><testcase classname="tests.test_config_validation.TestDatasetConfigValidation" name="test_steps_range_invalid_order" time="0.001" /><testcase classname="tests.test_config_validation.TestDatasetConfigValidation" name="test_steps_range_from_dict_requires_two_values" time="0.002" /><testcase classname="tests.test_config_validation.TestDatasetConfigValidation" name="test_alpha_range_invalid_order" time="0.001" /><testcase classname="tests.test_config_validation.TestDatasetConfigValidation" name="test_alpha_range_from_dict_requires_two_values" time="0.002" /><testcase classname="tests.test_config_validation.TestDatasetConfigValidation" name="test_alpha_range_outside_cfl" time="0.001" /><testcase classname="tests.test_config_validation.TestDatasetConfigValidation" name="test_turing_values_empty_invalid" time="0.002" /><testcase classname="tests.test_config_validation.TestDatasetConfigValidation" name="test_spike_prob_range_invalid" time="0.001" /><testcase classname="tests.test_config_validation.TestDatasetConfigValidation" name="test_spike_prob_range_from_dict_requires_two_values" time="0.002" /><testcase classname="tests.test_config_validation.TestDatasetConfigValidation" name="test_turing_threshold_range_from_dict_requires_two_values" time="0.003" /><testcase classname="tests.test_config_validation.TestDatasetConfigValidation" name="test_turing_threshold_range_invalid" time="0.002" /><testcase classname="tests.test_config_validation.TestDatasetConfigValidation" name="test_to_dict_and_from_dict_roundtrip" time="0.001" /><testcase classname="tests.test_config_validation.TestFactoryFunctions" name="test_make_simulation_config_demo" time="0.001" /><testcase classname="tests.test_config_validation.TestFactoryFunctions" name="test_make_simulation_config_default" time="0.001" /><testcase classname="tests.test_config_validation.TestFactoryFunctions" name="test_make_feature_config_demo" time="0.001" /><testcase classname="tests.test_config_validation.TestFactoryFunctions" name="test_make_feature_config_default" time="0.001" /><testcase classname="tests.test_config_validation.TestFactoryFunctions" name="test_make_dataset_config_demo" time="0.001" /><testcase classname="tests.test_config_validation.TestFactoryFunctions" name="test_make_dataset_config_default" time="0.001" /><testcase classname="tests.test_data_pipelines_small.TestScenarioConfig" name="test_valid_config" time="0.001" /><testcase classname="tests.test_data_pipelines_small.TestScenarioConfig" name="test_invalid_grid_size_low" time="0.002" /><testcase classname="tests.test_data_pipelines_small.TestScenarioConfig" name="test_invalid_grid_size_high" time="0.001" /><testcase classname="tests.test_data_pipelines_small.TestScenarioConfig" name="test_invalid_steps" time="0.001" /><testcase classname="tests.test_data_pipelines_small.TestScenarioConfig" name="test_invalid_alpha_too_high" time="0.001" /><testcase classname="tests.test_data_pipelines_small.TestScenarioConfig" name="test_invalid_alpha_too_low" time="0.001" /><testcase classname="tests.test_data_pipelines_small.TestScenarioConfig" name="test_empty_alpha_values" time="0.002" /><testcase classname="tests.test_data_pipelines_small.TestPresets" name="test_list_presets" time="0.001" /><testcase classname="tests.test_data_pipelines_small.TestPresets" name="test_get_small_preset" time="0.001" /><testcase classname="tests.test_data_pipelines_small.TestPresets" name="test_get_medium_preset" time="0.001" /><testcase classname="tests.test_data_pipelines_small.TestPresets" name="test_get_unknown_preset" time="0.001" /><testcase classname="tests.test_data_pipelines_small.TestPresets" name="test_preset_returns_copy" time="0.001" /><testcase classname="tests.test_data_pipelines_small.TestRunScenarioSmall" name="test_run_small_scenario" time="0.031" /><testcase classname="tests.test_data_pipelines_small.TestRunScenarioSmall" name="test_output_contains_all_features" time="0.047" /><testcase classname="tests.test_data_pipelines_small.TestRunScenarioSmall" name="test_feature_value_ranges" time="0.075" /><testcase classname="tests.test_data_pipelines_small.TestRunScenarioSmall" name="test_no_nan_in_features" time="0.034" /><testcase classname="tests.test_data_pipelines_small.TestRunScenarioSmall" name="test_simulation_parameters_in_output" time="0.042" /><testcase classname="tests.test_data_pipelines_small.TestRunScenarioSmall" name="test_reproducibility_with_seed" time="0.048" /><testcase classname="tests.test_data_pipelines_small.TestRunPresetSmall" name="test_run_small_preset" time="0.208" /><testcase classname="tests.test_determinism" name="test_determinism_with_same_seed" time="0.288" /><testcase classname="tests.test_environment" name="test_must_have_pandas" time="0.001" /><testcase classname="tests.test_environment" name="test_must_have_numpy" time="0.001" /><testcase classname="tests.test_environment" name="test_must_have_torch" time="0.001" /><testcase classname="tests.test_environment" name="test_pandas_version_compatibility" time="0.003" /><testcase classname="tests.test_environment" name="test_numpy_typing_available" time="0.001" /><testcase classname="tests.test_federated.TestKrumParameterValidation" name="test_krum_aggregator_default_parameters" time="0.001" /><testcase classname="tests.test_federated.TestKrumParameterValidation" name="test_krum_rejects_zero_clusters" time="0.001" /><testcase classname="tests.test_federated.TestKrumParameterValidation" name="test_krum_rejects_high_byzantine_fraction" time="0.001" /><testcase classname="tests.test_federated.TestKrumParameterValidation" name="test_krum_rejects_invalid_sample_fraction" time="0.001" /><testcase classname="tests.test_federated.TestKrumAlgorithmCorrectness" name="test_krum_select_single_gradient" time="0.001" /><testcase classname="tests.test_federated.TestKrumAlgorithmCorrectness" name="test_krum_select_multiple_gradients" time="0.001" /><testcase classname="tests.test_federated.TestKrumAlgorithmCorrectness" name="test_krum_neighbor_count_formula" time="0.001" /><testcase classname="tests.test_federated.TestKrumAlgorithmCorrectness" name="test_krum_uses_squared_distance_scoring" time="0.001" /><testcase classname="tests.test_federated.TestKrumAlgorithmCorrectness" name="test_krum_requires_sufficient_neighbors" time="0.001" /><testcase classname="tests.test_federated.TestKrumByzantineRobustness" name="test_aggregate_robustness_to_byzantine" time="0.002" /><testcase classname="tests.test_federated.TestKrumByzantineRobustness" name="test_byzantine_tolerance_boundary" time="0.001" /><testcase classname="tests.test_federated.TestKrumByzantineRobustness" name="test_byzantine_budget_respects_zero_fraction" time="0.001" /><testcase classname="tests.test_federated.TestKrumByzantineRobustness" name="test_byzantine_budget_clamps_when_group_too_small" time="0.001" /><testcase classname="tests.test_federated.TestKrumByzantineRobustness" name="test_aggregate_fallback_when_krum_not_applicable" time="0.001" /><testcase classname="tests.test_federated.TestCoreKrumParityWithModel" name="test_zero_byzantine_fraction_does_not_force_budget" time="0.001" /><testcase classname="tests.test_federated.TestCoreKrumParityWithModel" name="test_byzantine_budget_clamped_for_small_groups" time="0.001" /><testcase classname="tests.test_federated.TestCoreKrumParityWithModel" name="test_core_krum_rejects_insufficient_neighbors" time="0.001" /><testcase classname="tests.test_federated.TestKrumNumericalStability" name="test_aggregate_simple_case" time="0.001" /><testcase classname="tests.test_federated.TestKrumNumericalStability" name="test_aggregate_empty_raises" time="0.001" /><testcase classname="tests.test_federated.TestKrumNumericalStability" name="test_krum_select_empty_raises" time="0.001" /><testcase classname="tests.test_federated.TestKrumNumericalStability" name="test_aggregate_large_gradients" time="0.001" /><testcase classname="tests.test_federated.TestKrumNumericalStability" name="test_aggregate_deterministic" time="0.002" /><testcase classname="tests.test_federated.TestKrumNumericalStability" name="test_default_rng_uses_entropy_when_not_provided" time="0.001" /><testcase classname="tests.test_federated.TestKrumNumericalStability" name="test_sampling_respects_minimum_client_selection" time="0.004" /><testcase classname="tests.test_fractal_dimension" name="test_fractal_dimension_reasonable_range" time="0.001" /><testcase classname="tests.test_fractal_dimension" name="test_fractal_dimension_handles_oversized_boxes" time="0.001" /><testcase classname="tests.test_integration_api_cli.TestCLIAPIConsistency" name="test_validate_cli_vs_api_consistency" time="0.410" /><testcase classname="tests.test_integration_api_cli.TestCLIAPIConsistency" name="test_validate_adapter_consistency" time="0.200" /><testcase classname="tests.test_integration_api_cli.TestAPIEndpoints" name="test_simulate_endpoint_marshaling" time="0.016" /><testcase classname="tests.test_integration_api_cli.TestAPIEndpoints" name="test_nernst_endpoint_marshaling" time="0.008" /><testcase classname="tests.test_integration_api_cli.TestAPIEndpoints" name="test_federated_aggregate_endpoint_marshaling" time="0.008" /><testcase classname="tests.test_integration_api_cli.TestAPIEndpoints" name="test_federated_empty_gradients" time="0.007" /><testcase classname="tests.test_integration_api_cli.TestAPIEndpoints" name="test_federated_inconsistent_gradient_lengths" time="0.007" /><testcase classname="tests.test_integration_api_cli.TestAPIEndpoints" name="test_health_endpoint" time="0.005" /><testcase classname="tests.test_integration_api_cli.TestAdapters" name="test_simulation_adapter" time="0.008" /><testcase classname="tests.test_integration_api_cli.TestAdapters" name="test_nernst_adapter" time="0.001" /><testcase classname="tests.test_integration_api_cli.TestAdapters" name="test_federated_adapter" time="0.001" /><testcase classname="tests.test_integration_api_cli.TestAdapters" name="test_federated_adapter_rejects_inconsistent_gradients" time="0.001" /><testcase classname="tests.test_integration_api_cli.TestServiceContext" name="test_context_with_seed" time="0.001" /><testcase classname="tests.test_integration_api_cli.TestServiceContext" name="test_context_with_mode" time="0.001" /><testcase classname="tests.test_integration_api_cli.TestServiceContext" name="test_context_metadata" time="0.001" /><testcase classname="tests.test_integration_api_cli.TestDeterminism" name="test_simulation_determinism_via_api" time="0.027" /><testcase classname="tests.test_integration_api_cli.TestDeterminism" name="test_nernst_determinism" time="0.012" /><testcase classname="tests.test_integration_api_cli.TestCORSConfiguration" name="test_cors_preflight_request" time="0.005" /><testcase classname="tests.test_integration_api_cli.TestCORSConfiguration" name="test_cors_headers_on_response" time="0.005" /><testcase classname="tests.test_integration_api_cli.TestCORSConfiguration" name="test_cors_post_request_with_origin" time="0.007" /><testcase classname="tests.test_layer_boundaries.TestCoreLayerBoundaries" name="test_core_does_not_import_fastapi" time="0.048" /><testcase classname="tests.test_layer_boundaries.TestCoreLayerBoundaries" name="test_core_does_not_import_http_clients" time="0.046" /><testcase classname="tests.test_layer_boundaries.TestCoreLayerBoundaries" name="test_core_does_not_import_message_queues" time="0.046" /><testcase classname="tests.test_layer_boundaries.TestCoreLayerBoundaries" name="test_core_module_imports_are_clean" time="0.001" /><testcase classname="tests.test_layer_boundaries.TestIntegrationLayerBoundaries" name="test_integration_can_import_schemas" time="0.001" /><testcase classname="tests.test_layer_boundaries.TestIntegrationLayerBoundaries" name="test_integration_can_import_adapters" time="0.001" /><testcase classname="tests.test_layer_boundaries.TestIntegrationLayerBoundaries" name="test_integration_can_import_service_context" time="0.001" /><testcase classname="tests.test_layer_boundaries.TestNoCircularImports" name="test_core_imports_without_errors" time="0.033" /><testcase classname="tests.test_layer_boundaries.TestNoCircularImports" name="test_integration_imports_without_errors" time="0.071" /><testcase classname="tests.test_layer_boundaries.TestLayerDependencyDirection" name="test_core_does_not_depend_on_integration" time="0.047" /><testcase classname="tests.test_layer_boundaries.TestLayerDependencyDirection" name="test_api_uses_integration_not_core_directly" time="0.013" /><testcase classname="tests.test_layer_boundaries.TestModuleExportsConsistency" name="test_core_init_exports_all_items" time="0.001" /><testcase classname="tests.test_layer_boundaries.TestModuleExportsConsistency" name="test_package_init_exports_all_items" time="0.001" /><testcase classname="tests.test_lyapunov" name="test_fractal_ifs_output_shape" time="0.005" /><testcase classname="tests.test_lyapunov" name="test_fractal_ifs_lyapunov_negative" time="0.020" /><testcase classname="tests.test_lyapunov" name="test_fractal_ifs_points_bounded" time="0.005" /><testcase classname="tests.test_lyapunov" name="test_fractal_ifs_deterministic" time="0.002" /><testcase classname="tests.test_lyapunov" name="test_lyapunov_exponent_from_history" time="0.001" /><testcase classname="tests.test_lyapunov" name="test_lyapunov_exponent_short_history" time="0.001" /><testcase classname="tests.test_lyapunov" name="test_lyapunov_zero_divergence_is_zero" time="0.001" /><testcase classname="tests.test_lyapunov" name="test_lyapunov_grid_size_invariant" time="0.001" /><testcase classname="tests.test_math_model_validation.TestNernstMathematicalProperties" name="test_nernst_factor_at_body_temperature" time="0.001" /><testcase classname="tests.test_math_model_validation.TestNernstMathematicalProperties" name="test_potassium_equilibrium_potential" time="0.001" /><testcase classname="tests.test_math_model_validation.TestNernstMathematicalProperties" name="test_sodium_equilibrium_potential" time="0.001" /><testcase classname="tests.test_math_model_validation.TestNernstMathematicalProperties" name="test_calcium_equilibrium_potential" time="0.001" /><testcase classname="tests.test_math_model_validation.TestNernstMathematicalProperties" name="test_physical_bounds" time="0.001" /><testcase classname="tests.test_math_model_validation.TestNernstMathematicalProperties" name="test_sign_consistency" time="0.001" /><testcase classname="tests.test_math_model_validation.TestNernstMathematicalProperties" name="test_no_nan_inf_property" time="0.100" /><testcase classname="tests.test_math_model_validation.TestNernstMathematicalProperties" name="test_ion_clamping_prevents_log_zero" time="0.001" /><testcase classname="tests.test_math_model_validation.TestReactionDiffusionMathematicalProperties" name="test_turing_threshold_specification" time="0.001" /><testcase classname="tests.test_math_model_validation.TestReactionDiffusionMathematicalProperties" name="test_diffusion_coefficient_stability" time="0.001" /><testcase classname="tests.test_math_model_validation.TestReactionDiffusionMathematicalProperties" name="test_field_potential_bounds" time="0.065" /><testcase classname="tests.test_math_model_validation.TestReactionDiffusionMathematicalProperties" name="test_stability_no_nan_after_many_steps" time="0.233" /><testcase classname="tests.test_math_model_validation.TestReactionDiffusionMathematicalProperties" name="test_turing_pattern_formation" time="0.035" /><testcase classname="tests.test_math_model_validation.TestReactionDiffusionMathematicalProperties" name="test_growth_events_probability" time="0.027" /><testcase classname="tests.test_math_model_validation.TestReactionDiffusionMathematicalProperties" name="test_quantum_jitter_variance" time="0.001" /><testcase classname="tests.test_math_model_validation.TestReactionDiffusionMathematicalProperties" name="test_simulation_stability_property" time="0.186" /><testcase classname="tests.test_math_model_validation.TestFractalMathematicalProperties" name="test_ifs_contraction_stability" time="0.040" /><testcase classname="tests.test_math_model_validation.TestFractalMathematicalProperties" name="test_ifs_lyapunov_range" time="0.199" /><testcase classname="tests.test_math_model_validation.TestFractalMathematicalProperties" name="test_fractal_dimension_bounds" time="0.027" /><testcase classname="tests.test_math_model_validation.TestFractalMathematicalProperties" name="test_fractal_dimension_biological_range" time="0.265" /><testcase classname="tests.test_math_model_validation.TestFractalMathematicalProperties" name="test_reproducibility_same_seed" time="0.054" /><testcase classname="tests.test_math_model_validation.TestFractalMathematicalProperties" name="test_ifs_always_finite_property" time="0.379" /><testcase classname="tests.test_math_model_validation.TestLyapunovAnalysis" name="test_lyapunov_from_field_history" time="0.003" /><testcase classname="tests.test_math_model_validation.TestLyapunovAnalysis" name="test_lyapunov_negative_for_stable_system" time="0.005" /><testcase classname="tests.test_math_model_validation.TestNumericalStability" name="test_diffusion_coefficient_range[0.05]" time="0.023" /><testcase classname="tests.test_math_model_validation.TestNumericalStability" name="test_diffusion_coefficient_range[0.1]" time="0.022" /><testcase classname="tests.test_math_model_validation.TestNumericalStability" name="test_diffusion_coefficient_range[0.15]" time="0.022" /><testcase classname="tests.test_math_model_validation.TestNumericalStability" name="test_diffusion_coefficient_range[0.18]" time="0.022" /><testcase classname="tests.test_math_model_validation.TestNumericalStability" name="test_diffusion_coefficient_range[0.2]" time="0.022" /><testcase classname="tests.test_math_model_validation.TestNumericalStability" name="test_diffusion_coefficient_range[0.24]" time="0.022" /><testcase classname="tests.test_math_model_validation.TestNumericalStability" name="test_grid_size_scalability[16]" time="0.011" /><testcase classname="tests.test_math_model_validation.TestNumericalStability" name="test_grid_size_scalability[32]" time="0.012" /><testcase classname="tests.test_math_model_validation.TestNumericalStability" name="test_grid_size_scalability[64]" time="0.014" /><testcase classname="tests.test_math_model_validation.TestNumericalStability" name="test_grid_size_scalability[128]" time="0.024" /><testcase classname="tests.test_math_model_validation.TestNumericalStability" name="test_long_simulation_stability[10]" time="0.003" /><testcase classname="tests.test_math_model_validation.TestNumericalStability" name="test_long_simulation_stability[50]" time="0.013" /><testcase classname="tests.test_math_model_validation.TestNumericalStability" name="test_long_simulation_stability[100]" time="0.024" /><testcase classname="tests.test_math_model_validation.TestNumericalStability" name="test_long_simulation_stability[500]" time="0.115" /><testcase classname="tests.test_math_model_validation.TestNumericalStability" name="test_combined_stress_test" time="0.161" /><testcase classname="tests.test_math_model_validation.TestClampingAndBounds" name="test_ion_concentration_clamping" time="0.001" /><testcase classname="tests.test_math_model_validation.TestClampingAndBounds" name="test_membrane_potential_clamping" time="0.239" /><testcase classname="tests.test_math_model_validation.TestClampingAndBounds" name="test_activator_inhibitor_clamping" time="0.129" /><testcase classname="tests.test_math_model_validation.TestClampingAndBounds" name="test_ifs_scale_bounds" time="0.041" /><testcase classname="tests.test_model" name="test_model_forward_2d_input" time="0.003" /><testcase classname="tests.test_model" name="test_model_forward_3d_input" time="0.002" /><testcase classname="tests.test_model" name="test_model_without_sparse_attention" time="0.001" /><testcase classname="tests.test_model" name="test_model_without_stdp" time="0.002" /><testcase classname="tests.test_model" name="test_model_train_step" time="0.004" /><testcase classname="tests.test_model" name="test_model_gradient_flow" time="0.003" /><testcase classname="tests.test_model" name="test_model_parameter_count" time="0.002" /><testcase classname="tests.test_model" name="test_model_deterministic_with_seed" time="0.005" /><testcase classname="tests.test_morphogenesis.TestTuringGrowth" name="test_turing_threshold_specification" time="0.001" /><testcase classname="tests.test_morphogenesis.TestTuringGrowth" name="test_growth_events_occur_with_spike_probability" time="0.027" /><testcase classname="tests.test_morphogenesis.TestTuringGrowth" name="test_no_growth_with_zero_probability" time="0.026" /><testcase classname="tests.test_morphogenesis.TestTuringGrowth" name="test_turing_morphogenesis_affects_field" time="0.029" /><testcase classname="tests.test_morphogenesis.TestTuringGrowth" name="test_turing_pattern_formation" time="0.052" /><testcase classname="tests.test_morphogenesis.TestFractalDimensionConvergence" name="test_fractal_dimension_biological_range" time="0.132" /><testcase classname="tests.test_morphogenesis.TestFractalDimensionConvergence" name="test_fractal_dimension_consistency" time="0.053" /><testcase classname="tests.test_morphogenesis.TestFractalDimensionConvergence" name="test_fractal_dimension_scale_invariance" time="0.047" /><testcase classname="tests.test_morphogenesis.TestFieldConnectivity" name="test_field_mean_preserved" time="0.026" /><testcase classname="tests.test_morphogenesis.TestFieldConnectivity" name="test_field_spatial_correlation" time="0.027" /><testcase classname="tests.test_morphogenesis.TestFieldConnectivity" name="test_field_boundary_no_artifacts" time="0.027" /><testcase classname="tests.test_morphogenesis.TestGrowthDynamics" name="test_growth_rate_scales_with_probability" time="0.103" /><testcase classname="tests.test_morphogenesis.TestGrowthDynamics" name="test_diffusion_coefficient_effect" time="0.018" /><testcase classname="tests.test_morphogenesis.TestGrowthDynamics" name="test_long_simulation_stability" time="0.228" /><testcase classname="tests.test_morphogenesis.TestModelWithMorphogenesis" name="test_model_processes_field_statistics" time="0.029" /><testcase classname="tests.test_morphogenesis.TestModelWithMorphogenesis" name="test_model_batch_field_statistics" time="0.093" /><testcase classname="tests.test_morphogenesis.TestMorphogenesisValidation" name="test_turing_instability_wavelength" time="0.051" /><testcase classname="tests.test_morphogenesis.TestMorphogenesisValidation" name="test_reaction_diffusion_balance" time="0.079" /><testcase classname="tests.test_morphogenesis.TestMorphogenesisValidation" name="test_physiological_membrane_potential_range" time="0.162" /><testcase classname="tests.test_mycelium_fractal_net.test_dataset_generation.TestGenerateDatasetCreatesFileAndSchema" name="test_creates_output_file" time="0.038" /><testcase classname="tests.test_mycelium_fractal_net.test_dataset_generation.TestGenerateDatasetCreatesFileAndSchema" name="test_schema_has_expected_columns" time="0.038" /><testcase classname="tests.test_mycelium_fractal_net.test_dataset_generation.TestGenerateDatasetCreatesFileAndSchema" name="test_no_nan_or_inf_in_feature_columns" time="0.075" /><testcase classname="tests.test_mycelium_fractal_net.test_dataset_generation.TestGenerateDatasetReproducibleWithFixedSeed" name="test_same_seed_produces_identical_results" time="0.060" /><testcase classname="tests.test_mycelium_fractal_net.test_dataset_generation.TestGenerateDatasetReproducibleWithFixedSeed" name="test_different_seed_produces_different_results" time="0.098" /><testcase classname="tests.test_mycelium_fractal_net.test_dataset_generation.TestGenerateDatasetHandlesFailedSimulations" name="test_pipeline_completes_despite_failures" time="0.223" /><testcase classname="tests.test_mycelium_fractal_net.test_dataset_generation.TestGenerateDatasetHandlesFailedSimulations" name="test_failed_simulations_not_in_dataset" time="0.079" /><testcase classname="tests.test_mycelium_fractal_net.test_dataset_generation.TestGenerateDatasetHandlesFailedSimulations" name="test_stats_reports_correct_counts" time="0.040" /><testcase classname="tests.test_mycelium_fractal_net.test_dataset_generation.TestConfigSampler" name="test_sampler_generates_valid_configs" time="0.001" /><testcase classname="tests.test_mycelium_fractal_net.test_dataset_generation.TestConfigSampler" name="test_sampler_rejects_invalid_alpha" time="0.001" /><testcase classname="tests.test_mycelium_fractal_net.test_dataset_generation.TestConfigSampler" name="test_sampler_rejects_invalid_grid_size" time="0.001" /><testcase classname="tests.test_mycelium_fractal_net.test_dataset_generation.TestToRecord" name="test_creates_flat_record" time="0.001" /><testcase classname="tests.test_nernst" name="test_nernst_potassium_physiological_range" time="0.001" /><testcase classname="tests.test_nernst" name="test_nernst_zero_valence_rejected" time="0.001" /><testcase classname="tests.test_optional_dependencies" name="test_optional_dependency_extras_defined" time="0.002" /><testcase classname="tests.test_physics" name="test_nernst_rtfz_at_body_temperature" time="0.001" /><testcase classname="tests.test_physics" name="test_nernst_potassium_physiological" time="0.001" /><testcase classname="tests.test_physics" name="test_nernst_sodium_physiological" time="0.001" /><testcase classname="tests.test_physics" name="test_nernst_calcium_physiological" time="0.001" /><testcase classname="tests.test_physics" name="test_nernst_symbolic_verification" time="0.001" /><testcase classname="tests.test_physics" name="test_ion_clamp_prevents_log_zero" time="0.001" /><testcase classname="tests.test_physics" name="test_turing_threshold_value" time="0.001" /><testcase classname="tests.test_physics" name="test_turing_morphogenesis_affects_field" time="0.015" /><testcase classname="tests.test_physics" name="test_quantum_jitter_variance" time="0.001" /><testcase classname="tests.test_physics" name="test_field_potential_range" time="0.033" /><testcase classname="tests.test_physics" name="test_growth_events_occur" time="0.026" /><testcase classname="tests.test_pipelines_scenarios" name="test_generate_param_configs_uses_rng_for_shuffling" time="0.001" /><testcase classname="tests.test_public_api_structure.TestPublicAPIExistence" name="test_core_functions_importable" time="0.001" /><testcase classname="tests.test_public_api_structure.TestPublicAPIExistence" name="test_federated_learning_importable" time="0.001" /><testcase classname="tests.test_public_api_structure.TestPublicAPIExistence" name="test_neural_network_importable" time="0.001" /><testcase classname="tests.test_public_api_structure.TestPublicAPIExistence" name="test_validation_importable" time="0.001" /><testcase classname="tests.test_public_api_structure.TestPublicAPIExistence" name="test_exceptions_importable" time="0.001" /><testcase classname="tests.test_public_api_structure.TestPublicAPIExistence" name="test_physical_constants_importable" time="0.001" /><testcase classname="tests.test_public_api_structure.TestDomainModuleImports" name="test_nernst_module" time="0.001" /><testcase classname="tests.test_public_api_structure.TestDomainModuleImports" name="test_turing_module" time="0.001" /><testcase classname="tests.test_public_api_structure.TestDomainModuleImports" name="test_fractal_module" time="0.001" /><testcase classname="tests.test_public_api_structure.TestDomainModuleImports" name="test_stdp_module" time="0.001" /><testcase classname="tests.test_public_api_structure.TestDomainModuleImports" name="test_federated_module" time="0.001" /><testcase classname="tests.test_public_api_structure.TestDomainModuleImports" name="test_stability_module" time="0.001" /><testcase classname="tests.test_public_api_structure.TestAPISignatures" name="test_compute_nernst_potential_signature" time="0.001" /><testcase classname="tests.test_public_api_structure.TestAPISignatures" name="test_simulate_mycelium_field_signature" time="0.001" /><testcase classname="tests.test_public_api_structure.TestAPISignatures" name="test_estimate_fractal_dimension_signature" time="0.001" /><testcase classname="tests.test_public_api_structure.TestAPISignatures" name="test_aggregate_gradients_krum_signature" time="0.001" /><testcase classname="tests.test_public_api_structure.TestREADMEExamples" name="test_nernst_example" time="0.001" /><testcase classname="tests.test_public_api_structure.TestREADMEExamples" name="test_turing_example" time="0.018" /><testcase classname="tests.test_public_api_structure.TestREADMEExamples" name="test_fractal_example" time="0.017" /><testcase classname="tests.test_public_api_structure.TestREADMEExamples" name="test_federated_example" time="0.002" /><testcase classname="tests.test_public_api_structure.TestAnalyticsAPI" name="test_feature_vector_importable" time="0.001" /><testcase classname="tests.test_public_api_structure.TestAnalyticsAPI" name="test_analytics_module_importable" time="0.001" /><testcase classname="tests.test_signal_denoise_1d" name="test_shape_invariants[shape0-mode_kwargs0]" time="0.003" /><testcase classname="tests.test_signal_denoise_1d" name="test_shape_invariants[shape1-mode_kwargs1]" time="0.003" /><testcase classname="tests.test_signal_denoise_1d" name="test_shape_invariants[shape2-mode_kwargs2]" time="0.004" /><testcase classname="tests.test_signal_denoise_1d" name="test_shape_invariants[shape3-mode_kwargs3]" time="0.004" /><testcase classname="tests.test_signal_denoise_1d" name="test_shape_invariants[shape4-mode_kwargs4]" time="0.007" /><testcase classname="tests.test_signal_denoise_1d" name="test_outputs_finite[mode_kwargs0]" time="0.003" /><testcase classname="tests.test_signal_denoise_1d" name="test_outputs_finite[mode_kwargs1]" time="0.004" /><testcase classname="tests.test_signal_denoise_1d" name="test_fractal_do_no_harm_random_walk" time="0.003" /><testcase classname="tests.test_signal_denoise_1d" name="test_fractal_improves_spikes_mse" time="0.004" /><testcase classname="tests.test_signal_denoise_1d" name="test_determinism_with_fixed_seed" time="0.006" /><testcase classname="tests.test_signal_denoise_1d" name="test_denoiser_property_same_shape_and_finite[mode_kwargs0]" time="0.067" /><testcase classname="tests.test_signal_denoise_1d" name="test_denoiser_property_same_shape_and_finite[mode_kwargs1]" time="0.063" /><testcase classname="tests.test_simulation_smoke.test_smoke_simulation.TestRunSimulationMinimalConfig" name="test_result_type_is_simulation_result" time="0.003" /><testcase classname="tests.test_simulation_smoke.test_smoke_simulation.TestRunSimulationMinimalConfig" name="test_field_is_not_none" time="0.002" /><testcase classname="tests.test_simulation_smoke.test_smoke_simulation.TestRunSimulationMinimalConfig" name="test_field_shape_matches_config" time="0.003" /><testcase classname="tests.test_simulation_smoke.test_smoke_simulation.TestRunSimulationMinimalConfig" name="test_grid_size_property_matches_config" time="0.003" /><testcase classname="tests.test_simulation_smoke.test_smoke_simulation.TestRunSimulationMinimalConfig" name="test_field_dtype_is_float64" time="0.002" /><testcase classname="tests.test_simulation_smoke.test_smoke_simulation.TestRunSimulationMinimalConfig" name="test_field_has_no_nan" time="0.004" /><testcase classname="tests.test_simulation_smoke.test_smoke_simulation.TestRunSimulationMinimalConfig" name="test_field_has_no_inf" time="0.004" /><testcase classname="tests.test_simulation_smoke.test_smoke_simulation.TestRunSimulationMinimalConfig" name="test_field_is_finite" time="0.004" /><testcase classname="tests.test_simulation_smoke.test_smoke_simulation.TestRunSimulationMinimalConfig" name="test_field_within_physiological_bounds" time="0.004" /><testcase classname="tests.test_simulation_smoke.test_smoke_simulation.TestRunSimulationMinimalConfig" name="test_growth_events_is_nonnegative" time="0.002" /><testcase classname="tests.test_simulation_smoke.test_smoke_simulation.TestRunSimulationMinimalConfig" name="test_metadata_contains_config" time="0.004" /><testcase classname="tests.test_simulation_smoke.test_smoke_simulation.TestRunSimulationMinimalConfig" name="test_metadata_contains_timing" time="0.002" /><testcase classname="tests.test_simulation_smoke.test_smoke_simulation.TestRunSimulationMinimalConfig" name="test_metadata_contains_field_stats" time="0.004" /><testcase classname="tests.test_simulation_smoke.test_smoke_simulation.TestRunSimulationReproducibleSeed" name="test_same_seed_produces_identical_field" time="0.007" /><testcase classname="tests.test_simulation_smoke.test_smoke_simulation.TestRunSimulationReproducibleSeed" name="test_same_seed_produces_identical_growth_events" time="0.007" /><testcase classname="tests.test_simulation_smoke.test_smoke_simulation.TestRunSimulationReproducibleSeed" name="test_different_seeds_produce_different_fields" time="0.007" /><testcase classname="tests.test_simulation_smoke.test_smoke_simulation.TestRunSimulationReproducibleSeed" name="test_multiple_runs_same_seed_consistent" time="0.006" /><testcase classname="tests.test_simulation_smoke.test_smoke_simulation.TestRunSimulationWithHistory" name="test_history_is_present" time="0.002" /><testcase classname="tests.test_simulation_smoke.test_smoke_simulation.TestRunSimulationWithHistory" name="test_history_shape_matches_config" time="0.004" /><testcase classname="tests.test_simulation_smoke.test_smoke_simulation.TestRunSimulationWithHistory" name="test_history_has_no_nan" time="0.002" /><testcase classname="tests.test_simulation_smoke.test_smoke_simulation.TestRunSimulationWithHistory" name="test_history_is_finite" time="0.002" /><testcase classname="tests.test_simulation_smoke.test_smoke_simulation.TestRunSimulationWithHistory" name="test_final_field_matches_last_history" time="0.002" /><testcase classname="tests.test_simulation_smoke.test_smoke_simulation.TestRunSimulationVariants" name="test_turing_disabled" time="0.002" /><testcase classname="tests.test_simulation_smoke.test_smoke_simulation.TestRunSimulationVariants" name="test_quantum_jitter_enabled" time="0.004" /><testcase classname="tests.test_simulation_smoke.test_smoke_simulation.TestRunSimulationVariants" name="test_minimal_grid_size" time="0.002" /><testcase classname="tests.test_simulation_smoke.test_smoke_simulation.TestRunSimulationVariants" name="test_single_step" time="0.001" /><testcase classname="tests.test_simulation_smoke.test_smoke_simulation.TestSimulationConfigValidation" name="test_invalid_config_type_raises_type_error" time="0.001" /><testcase classname="tests.test_simulation_smoke.test_smoke_simulation.TestSimulationConfigValidation" name="test_invalid_grid_size_raises_value_error" time="0.001" /><testcase classname="tests.test_simulation_smoke.test_smoke_simulation.TestSimulationConfigValidation" name="test_invalid_alpha_raises_value_error" time="0.001" /><testcase classname="tests.test_simulation_types.TestSimulationConfigCoreValidation" name="test_default_values" time="0.001" /><testcase classname="tests.test_simulation_types.TestSimulationConfigCoreValidation" name="test_grid_size_minimum_boundary" time="0.001" /><testcase classname="tests.test_simulation_types.TestSimulationConfigCoreValidation" name="test_grid_size_below_minimum" time="0.001" /><testcase classname="tests.test_simulation_types.TestSimulationConfigCoreValidation" name="test_steps_minimum_boundary" time="0.001" /><testcase classname="tests.test_simulation_types.TestSimulationConfigCoreValidation" name="test_steps_below_minimum" time="0.001" /><testcase classname="tests.test_simulation_types.TestSimulationConfigCoreValidation" name="test_alpha_cfl_boundary" time="0.001" /><testcase classname="tests.test_simulation_types.TestSimulationConfigCoreValidation" name="test_alpha_above_cfl_limit" time="0.002" /><testcase classname="tests.test_simulation_types.TestSimulationConfigCoreValidation" name="test_alpha_zero_invalid" time="0.001" /><testcase classname="tests.test_simulation_types.TestSimulationConfigCoreValidation" name="test_alpha_negative_invalid" time="0.001" /><testcase classname="tests.test_simulation_types.TestSimulationConfigCoreValidation" name="test_spike_probability_zero" time="0.001" /><testcase classname="tests.test_simulation_types.TestSimulationConfigCoreValidation" name="test_spike_probability_one" time="0.001" /><testcase classname="tests.test_simulation_types.TestSimulationConfigCoreValidation" name="test_spike_probability_below_zero" time="0.002" /><testcase classname="tests.test_simulation_types.TestSimulationConfigCoreValidation" name="test_spike_probability_above_one" time="0.001" /><testcase classname="tests.test_simulation_types.TestSimulationConfigCoreValidation" name="test_turing_threshold_zero" time="0.001" /><testcase classname="tests.test_simulation_types.TestSimulationConfigCoreValidation" name="test_turing_threshold_one" time="0.001" /><testcase classname="tests.test_simulation_types.TestSimulationConfigCoreValidation" name="test_turing_threshold_out_of_range" time="0.002" /><testcase classname="tests.test_simulation_types.TestSimulationConfigCoreValidation" name="test_jitter_var_zero" time="0.001" /><testcase classname="tests.test_simulation_types.TestSimulationConfigCoreValidation" name="test_jitter_var_negative" time="0.002" /><testcase classname="tests.test_simulation_types.TestSimulationConfigCoreValidation" name="test_seed_none" time="0.001" /><testcase classname="tests.test_simulation_types.TestSimulationConfigCoreValidation" name="test_seed_integer" time="0.001" /><testcase classname="tests.test_simulation_types.TestSimulationResultValidation" name="test_valid_result_minimal" time="0.001" /><testcase classname="tests.test_simulation_types.TestSimulationResultValidation" name="test_valid_result_with_history" time="0.001" /><testcase classname="tests.test_simulation_types.TestSimulationResultValidation" name="test_valid_result_with_metadata" time="0.001" /><testcase classname="tests.test_simulation_types.TestSimulationResultValidation" name="test_field_not_2d_raises" time="0.001" /><testcase classname="tests.test_simulation_types.TestSimulationResultValidation" name="test_field_3d_raises" time="0.001" /><testcase classname="tests.test_simulation_types.TestSimulationResultValidation" name="test_field_not_square_raises" time="0.002" /><testcase classname="tests.test_simulation_types.TestSimulationResultValidation" name="test_history_not_3d_raises" time="0.002" /><testcase classname="tests.test_simulation_types.TestSimulationResultValidation" name="test_history_shape_mismatch_raises" time="0.003" /><testcase classname="tests.test_simulation_types.TestSimulationResultValidation" name="test_grid_size_property" time="0.001" /><testcase classname="tests.test_simulation_types.TestSimulationResultValidation" name="test_has_history_property" time="0.001" /><testcase classname="tests.test_simulation_types.TestSimulationResultEdgeCases" name="test_small_grid" time="0.001" /><testcase classname="tests.test_simulation_types.TestSimulationResultEdgeCases" name="test_large_grid" time="0.002" /><testcase classname="tests.test_simulation_types.TestSimulationResultEdgeCases" name="test_single_frame_history" time="0.001" /><testcase classname="tests.test_simulation_types.TestSimulationResultEdgeCases" name="test_field_with_nan_rejected" time="0.001" /><testcase classname="tests.test_simulation_types.TestSimulationResultEdgeCases" name="test_field_with_inf_rejected" time="0.001" /><testcase classname="tests.test_sparse_attention.TestSparseAttentionParameterValidation" name="test_sparse_attention_topk_default" time="0.001" /><testcase classname="tests.test_sparse_attention.TestSparseAttentionParameterValidation" name="test_sparse_attention_rejects_invalid_embed_dim" time="0.001" /><testcase classname="tests.test_sparse_attention.TestSparseAttentionParameterValidation" name="test_sparse_attention_rejects_invalid_topk" time="0.001" /><testcase classname="tests.test_sparse_attention.TestSparseAttentionParameterValidation" name="test_sparse_attention_rejects_invalid_num_heads" time="0.001" /><testcase classname="tests.test_sparse_attention.TestSparseAttentionMathematicalProperties" name="test_sparse_attention_output_shape" time="0.001" /><testcase classname="tests.test_sparse_attention.TestSparseAttentionMathematicalProperties" name="test_sparse_attention_scaling_factor" time="0.001" /><testcase classname="tests.test_sparse_attention.TestSparseAttentionMathematicalProperties" name="test_sparse_attention_topk_selection" time="0.001" /><testcase classname="tests.test_sparse_attention.TestSparseAttentionMathematicalProperties" name="test_sparse_attention_handles_short_sequence" time="0.001" /><testcase classname="tests.test_sparse_attention.TestSparseAttentionNumericalStability" name="test_sparse_attention_no_nan" time="0.001" /><testcase classname="tests.test_sparse_attention.TestSparseAttentionNumericalStability" name="test_sparse_attention_no_inf" time="0.001" /><testcase classname="tests.test_sparse_attention.TestSparseAttentionNumericalStability" name="test_sparse_attention_gradient_flow" time="0.002" /><testcase classname="tests.test_sparse_attention.TestSparseAttentionNumericalStability" name="test_sparse_attention_deterministic" time="0.003" /><testcase classname="tests.test_sparse_attention.TestSparseAttentionNumericalStability" name="test_sparse_attention_large_embed_dim" time="0.006" /><testcase classname="tests.test_stdp.TestSTDPParameterValidation" name="test_stdp_parameters_match_spec" time="0.001" /><testcase classname="tests.test_stdp.TestSTDPParameterValidation" name="test_stdp_parameters_in_biophysical_range" time="0.001" /><testcase classname="tests.test_stdp.TestSTDPParameterValidation" name="test_stdp_asymmetry_ratio" time="0.001" /><testcase classname="tests.test_stdp.TestSTDPParameterValidation" name="test_stdp_rejects_tau_below_min" time="0.002" /><testcase classname="tests.test_stdp.TestSTDPParameterValidation" name="test_stdp_rejects_tau_above_max" time="0.001" /><testcase classname="tests.test_stdp.TestSTDPParameterValidation" name="test_stdp_rejects_amplitude_below_min" time="0.001" /><testcase classname="tests.test_stdp.TestSTDPParameterValidation" name="test_stdp_rejects_amplitude_above_max" time="0.001" /><testcase classname="tests.test_stdp.TestSTDPMathematicalProperties" name="test_stdp_ltp_when_pre_before_post" time="0.001" /><testcase classname="tests.test_stdp.TestSTDPMathematicalProperties" name="test_stdp_ltd_when_post_before_pre" time="0.001" /><testcase classname="tests.test_stdp.TestSTDPMathematicalProperties" name="test_stdp_exponential_decay" time="0.001" /><testcase classname="tests.test_stdp.TestSTDPMathematicalProperties" name="test_stdp_exact_ltp_formula" time="0.001" /><testcase classname="tests.test_stdp.TestSTDPMathematicalProperties" name="test_stdp_exact_ltd_formula" time="0.001" /><testcase classname="tests.test_stdp.TestSTDPMathematicalProperties" name="test_stdp_zero_at_simultaneous_spikes" time="0.001" /><testcase classname="tests.test_stdp.TestSTDPNumericalStability" name="test_stdp_forward_pass_through" time="0.001" /><testcase classname="tests.test_stdp.TestSTDPNumericalStability" name="test_stdp_no_nan_for_large_time_diff" time="0.001" /><testcase classname="tests.test_stdp.TestSTDPNumericalStability" name="test_stdp_batch_processing" time="0.001" /><testcase classname="tests.test_training_integration.TestTrainingConvergence" name="test_xor_problem_convergence" time="0.861" /><testcase classname="tests.test_training_integration.TestTrainingConvergence" name="test_linear_regression_convergence" time="0.373" /><testcase classname="tests.test_training_integration.TestTrainingConvergence" name="test_batch_training_consistency" time="0.083" /><testcase classname="tests.test_training_integration.TestDeterministicTraining" name="test_deterministic_training_same_seed" time="0.030" /><testcase classname="tests.test_training_integration.TestDeterministicTraining" name="test_different_seeds_produce_different_results" time="0.030" /><testcase classname="tests.test_training_integration.TestGradientFlow" name="test_gradient_flow_all_parameters" time="0.003" /><testcase classname="tests.test_training_integration.TestGradientFlow" name="test_gradient_magnitudes_reasonable" time="0.004" /><testcase classname="tests.test_training_integration.TestGradientFlow" name="test_input_gradient_exists" time="0.003" /><testcase classname="tests.test_training_integration.TestLossBehavior" name="test_loss_decreases_on_simple_data" time="0.184" /><testcase classname="tests.test_training_integration.TestLossBehavior" name="test_loss_is_non_negative" time="0.006" /><testcase classname="tests.test_training_integration.TestModelConfigurations" name="test_training_without_sparse_attention" time="0.051" /><testcase classname="tests.test_training_integration.TestModelConfigurations" name="test_training_without_stdp" time="0.093" /><testcase classname="tests.test_training_integration.TestModelConfigurations" name="test_training_minimal_configuration" time="0.050" /><testcase classname="tests.test_training_integration.TestOptimizers" name="test_various_optimizers[SGD]" time="0.027" /><testcase classname="tests.test_training_integration.TestOptimizers" name="test_various_optimizers[Adam]" time="0.039" /><testcase classname="tests.test_training_integration.TestOptimizers" name="test_various_optimizers[AdamW]" time="0.041" /><testcase classname="tests.test_training_integration.TestOptimizers" name="test_various_optimizers[RMSprop]" time="0.035" /><testcase classname="tests.test_training_integration.TestLearningRates" name="test_various_learning_rates[0.001]" time="0.039" /><testcase classname="tests.test_training_integration.TestLearningRates" name="test_various_learning_rates[0.01]" time="0.039" /><testcase classname="tests.test_training_integration.TestLearningRates" name="test_various_learning_rates[0.1]" time="0.040" /><testcase classname="tests.test_training_integration.TestTrainStepMethod" name="test_train_step_returns_float" time="0.004" /><testcase classname="tests.test_training_integration.TestTrainStepMethod" name="test_train_step_updates_parameters" time="0.005" /><testcase classname="tests.test_training_integration.TestTrainStepMethod" name="test_multiple_train_steps" time="0.020" /><testcase classname="tests.test_types_module.test_dataset_types.TestDatasetRow" name="test_create_valid_row" time="0.001" /><testcase classname="tests.test_types_module.test_dataset_types.TestDatasetRow" name="test_create_with_features" time="0.001" /><testcase classname="tests.test_types_module.test_dataset_types.TestDatasetRow" name="test_to_dict" time="0.001" /><testcase classname="tests.test_types_module.test_dataset_types.TestDatasetRow" name="test_from_dict" time="0.001" /><testcase classname="tests.test_types_module.test_dataset_types.TestDatasetRow" name="test_feature_array" time="0.001" /><testcase classname="tests.test_types_module.test_dataset_types.TestDatasetRow" name="test_unknown_feature_raises" time="0.001" /><testcase classname="tests.test_types_module.test_dataset_types.TestDatasetRow" name="test_validation_sim_id" time="0.002" /><testcase classname="tests.test_types_module.test_dataset_types.TestDatasetRow" name="test_validation_grid_size" time="0.002" /><testcase classname="tests.test_types_module.test_dataset_types.TestDatasetRow" name="test_validation_alpha" time="0.001" /><testcase classname="tests.test_types_module.test_dataset_types.TestDatasetColumns" name="test_simulation_param_columns" time="0.001" /><testcase classname="tests.test_types_module.test_dataset_types.TestDatasetColumns" name="test_simulation_meta_columns" time="0.001" /><testcase classname="tests.test_types_module.test_dataset_types.TestDatasetColumns" name="test_feature_names_count" time="0.001" /><testcase classname="tests.test_types_module.test_dataset_types.TestDatasetColumns" name="test_all_columns_order" time="0.001" /><testcase classname="tests.test_types_module.test_dataset_types.TestDatasetStats" name="test_has_expected_features" time="0.001" /><testcase classname="tests.test_types_module.test_dataset_types.TestDatasetStats" name="test_to_dict" time="0.001" /><testcase classname="tests.test_types_module.test_dataset_types.TestDatasetStats" name="test_from_dataframe" time="0.002" /><testcase classname="tests.test_types_module.test_feature_types.TestFeatureNames" name="test_feature_count" time="0.001" /><testcase classname="tests.test_types_module.test_feature_types.TestFeatureNames" name="test_feature_names_order" time="0.001" /><testcase classname="tests.test_types_module.test_feature_types.TestFeatureNames" name="test_no_duplicate_names" time="0.001" /><testcase classname="tests.test_types_module.test_feature_types.TestFeatureVector" name="test_create_default" time="0.001" /><testcase classname="tests.test_types_module.test_feature_types.TestFeatureVector" name="test_create_with_values" time="0.001" /><testcase classname="tests.test_types_module.test_feature_types.TestFeatureVector" name="test_to_dict" time="0.001" /><testcase classname="tests.test_types_module.test_feature_types.TestFeatureVector" name="test_to_array" time="0.001" /><testcase classname="tests.test_types_module.test_feature_types.TestFeatureVector" name="test_from_array" time="0.001" /><testcase classname="tests.test_types_module.test_feature_types.TestFeatureVector" name="test_from_array_wrong_length" time="0.002" /><testcase classname="tests.test_types_module.test_feature_types.TestFeatureVector" name="test_feature_names_method" time="0.001" /><testcase classname="tests.test_types_module.test_feature_types.TestFeatureVector" name="test_roundtrip_array" time="0.001" /><testcase classname="tests.test_types_module.test_feature_types.TestFeatureVector" name="test_roundtrip_dict" time="0.001" /><testcase classname="tests.test_types_module.test_feature_types.TestFeatureVectorValidation" name="test_no_nan_in_array" time="0.001" /><testcase classname="tests.test_types_module.test_feature_types.TestFeatureVectorValidation" name="test_no_inf_in_array" time="0.001" /><testcase classname="tests.test_types_module.test_field_types.TestGridShape" name="test_create_square_grid" time="0.001" /><testcase classname="tests.test_types_module.test_field_types.TestGridShape" name="test_create_rectangular_grid" time="0.001" /><testcase classname="tests.test_types_module.test_field_types.TestGridShape" name="test_rectangular_size_raises" time="0.002" /><testcase classname="tests.test_types_module.test_field_types.TestGridShape" name="test_to_tuple" time="0.001" /><testcase classname="tests.test_types_module.test_field_types.TestGridShape" name="test_invalid_dimensions" time="0.002" /><testcase classname="tests.test_types_module.test_field_types.TestGridShape" name="test_frozen" time="0.001" /><testcase classname="tests.test_types_module.test_field_types.TestFieldState" name="test_create_valid_field" time="0.001" /><testcase classname="tests.test_types_module.test_field_types.TestFieldState" name="test_field_statistics" time="0.001" /><testcase classname="tests.test_types_module.test_field_types.TestFieldState" name="test_to_binary" time="0.001" /><testcase classname="tests.test_types_module.test_field_types.TestFieldState" name="test_to_dict" time="0.001" /><testcase classname="tests.test_types_module.test_field_types.TestFieldState" name="test_boundary_condition" time="0.001" /><testcase classname="tests.test_types_module.test_field_types.TestFieldState" name="test_invalid_dimensions" time="0.002" /><testcase classname="tests.test_types_module.test_field_types.TestFieldState" name="test_nan_rejected" time="0.001" /><testcase classname="tests.test_types_module.test_field_types.TestFieldState" name="test_inf_rejected" time="0.001" /><testcase classname="tests.test_types_module.test_field_types.TestFieldHistory" name="test_create_valid_history" time="0.001" /><testcase classname="tests.test_types_module.test_field_types.TestFieldHistory" name="test_get_frame" time="0.001" /><testcase classname="tests.test_types_module.test_field_types.TestFieldHistory" name="test_initial_and_final_state" time="0.001" /><testcase classname="tests.test_types_module.test_field_types.TestFieldHistory" name="test_frame_index_bounds" time="0.001" /><testcase classname="tests.test_types_module.test_field_types.TestFieldHistory" name="test_invalid_dimensions" time="0.004" /><testcase classname="tests.test_types_module.test_field_types.TestFieldHistory" name="test_to_dict" time="0.001" /><testcase classname="tests.test_types_module.test_field_types.TestBoundaryCondition" name="test_values" time="0.001" /><testcase classname="tests.test_types_module.test_field_types.TestBoundaryCondition" name="test_string_conversion" time="0.001" /><testcase classname="tests.test_types_module.test_simulation_types.TestSimulationConfig" name="test_create_default" time="0.001" /><testcase classname="tests.test_types_module.test_simulation_types.TestSimulationConfig" name="test_create_with_values" time="0.001" /><testcase classname="tests.test_types_module.test_simulation_types.TestSimulationConfig" name="test_to_dict" time="0.001" /><testcase classname="tests.test_types_module.test_simulation_types.TestSimulationConfig" name="test_from_dict" time="0.001" /><testcase classname="tests.test_types_module.test_simulation_types.TestSimulationConfig" name="test_from_dict_with_defaults" time="0.001" /><testcase classname="tests.test_types_module.test_simulation_types.TestSimulationConfig" name="test_from_dict_parses_bool_strings" time="0.001" /><testcase classname="tests.test_types_module.test_simulation_types.TestSimulationConfig" name="test_from_dict_handles_empty_seed" time="0.001" /><testcase classname="tests.test_types_module.test_simulation_types.TestSimulationConfig" name="test_roundtrip_dict" time="0.001" /><testcase classname="tests.test_types_module.test_simulation_types.TestSimulationConfig" name="test_validation_grid_size" time="0.001" /><testcase classname="tests.test_types_module.test_simulation_types.TestSimulationConfig" name="test_validation_steps" time="0.001" /><testcase classname="tests.test_types_module.test_simulation_types.TestSimulationConfig" name="test_validation_alpha_cfl" time="0.001" /><testcase classname="tests.test_types_module.test_simulation_types.TestSimulationConfig" name="test_validation_alpha_positive" time="0.001" /><testcase classname="tests.test_types_module.test_simulation_types.TestSimulationResult" name="test_create_minimal" time="0.001" /><testcase classname="tests.test_types_module.test_simulation_types.TestSimulationResult" name="test_create_with_history" time="0.001" /><testcase classname="tests.test_types_module.test_simulation_types.TestSimulationResult" name="test_create_with_metadata" time="0.001" /><testcase classname="tests.test_types_module.test_simulation_types.TestSimulationResult" name="test_to_dict_without_arrays" time="0.001" /><testcase classname="tests.test_types_module.test_simulation_types.TestSimulationResult" name="test_num_steps_falls_back_to_config_metadata" time="0.001" /><testcase classname="tests.test_types_module.test_simulation_types.TestSimulationResult" name="test_to_dict_with_arrays" time="0.001" /><testcase classname="tests.test_types_module.test_simulation_types.TestSimulationResult" name="test_to_dict_field_statistics" time="0.001" /><testcase classname="tests.test_types_module.test_simulation_types.TestSimulationResult" name="test_from_dict" time="0.001" /><testcase classname="tests.test_types_module.test_simulation_types.TestSimulationResult" name="test_from_dict_with_history" time="0.001" /><testcase classname="tests.test_types_module.test_simulation_types.TestSimulationResult" name="test_from_dict_missing_field_raises" time="0.002" /><testcase classname="tests.test_types_module.test_simulation_types.TestSimulationResult" name="test_roundtrip_dict" time="0.001" /><testcase classname="tests.test_types_module.test_simulation_types.TestSimulationResult" name="test_validation_field_2d" time="0.002" /><testcase classname="tests.test_types_module.test_simulation_types.TestSimulationResult" name="test_validation_field_square" time="0.001" /><testcase classname="tests.test_types_module.test_simulation_types.TestSimulationResult" name="test_validation_history_3d" time="0.002" /><testcase classname="tests.test_types_module.test_simulation_types.TestSimulationResult" name="test_validation_history_dimensions_match" time="0.002" /><testcase classname="tests.test_types_module.test_simulation_types.TestSimulationResult" name="test_validation_no_nan" time="0.001" /><testcase classname="tests.test_types_module.test_simulation_types.TestSimulationResult" name="test_validation_no_inf" time="0.001" /><testcase classname="tests.test_types_module.test_simulation_types.TestSimulationResult" name="test_validation_history_no_nan" time="0.001" /><testcase classname="tests.test_types_module.test_simulation_types.TestSimulationResult" name="test_validation_history_no_inf" time="0.001" /><testcase classname="tests.test_types_module.test_simulation_types.TestSimulationTypesIntegration" name="test_config_to_result_workflow" time="0.001" /><testcase classname="tests.test_types_module.test_simulation_types.TestSimulationTypesIntegration" name="test_types_exported_from_types_module" time="0.001" /><testcase classname="tests.test_validation_cycle" name="test_validation_cycle_produces_metrics" time="0.147" /><testcase classname="tests.validation.test_model_falsification.TestControlScenarios" name="test_stability_diffusion_only" time="0.019" /><testcase classname="tests.validation.test_model_falsification.TestControlScenarios" name="test_growth_with_spikes" time="0.008" /><testcase classname="tests.validation.test_model_falsification.TestControlScenarios" name="test_turing_pattern_formation" time="0.068" /><testcase classname="tests.validation.test_model_falsification.TestControlScenarios" name="test_quantum_jitter_stability" time="0.115" /><testcase classname="tests.validation.test_model_falsification.TestControlScenarios" name="test_extreme_diffusion_stability" time="0.008" /><testcase classname="tests.validation.test_model_falsification.TestControlScenarios" name="test_long_simulation_stability" time="0.229" /><testcase classname="tests.validation.test_model_falsification.TestCoreInvariants" name="test_nernst_physical_bounds" time="0.001" /><testcase classname="tests.validation.test_model_falsification.TestCoreInvariants" name="test_field_clamping_enforced" time="0.118" /><testcase classname="tests.validation.test_model_falsification.TestCoreInvariants" name="test_ifs_contraction_guaranteed" time="0.198" /><testcase classname="tests.validation.test_model_falsification.TestCoreInvariants" name="test_fractal_dimension_bounds" time="0.027" /><testcase classname="tests.validation.test_model_falsification.TestCoreInvariants" name="test_reproducibility" time="0.079" /><testcase classname="tests.validation.test_model_falsification.TestFeatureDiscrimination" name="test_turing_vs_no_turing_discrimination" time="0.352" /><testcase classname="tests.validation.test_model_falsification.TestFeatureDiscrimination" name="test_high_vs_low_activity_discrimination" time="0.053" /><testcase classname="tests.validation.test_model_falsification.TestFalsificationSignals" name="test_diffusion_smoothing_effect" time="0.007" /><testcase classname="tests.validation.test_model_falsification.TestFalsificationSignals" name="test_nernst_sign_consistency" time="0.001" /><testcase classname="tests.validation.test_model_falsification.TestFalsificationSignals" name="test_ifs_bounded_attractor" time="0.040" /><testcase classname="tests.validation.test_model_falsification.TestFalsificationSignals" name="test_cfl_stability_boundary" time="0.043" /><testcase classname="tests.validation.test_model_falsification.TestDatasetRegimeDiscrimination" name="test_minimal_dataset_generation" time="0.385" /></testsuite></testsuites>